Flow report for SimpleRiscExample
Sun May 17 09:02:55 2026
Quartus Prime Version 25.1std.0 Build 1129 10/21/2025 Patches 0.36 SC Lite Edition


---------------------
; Table of Contents ;
---------------------
  1. Legal Notice
  2. Flow Summary
  3. Flow Settings
  4. Flow Non-Default Global Settings
  5. Flow Elapsed Time
  6. Flow OS Summary
  7. Flow Log
  8. Flow Messages
  9. Flow Suppressed Messages



----------------
; Legal Notice ;
----------------
Copyright (C) 2025  Altera Corporation. All rights reserved.
Your use of Altera Corporation's design tools, logic functions 
and other software and tools, and any partner logic 
functions, and any output files from any of the foregoing 
(including device programming or simulation files), and any 
associated documentation or information are expressly subject 
to the terms and conditions of the Altera Program License 
Subscription Agreement, the Altera Quartus Prime License Agreement,
the Altera IP License Agreement, or other applicable license
agreement, including, without limitation, that your use is for
the sole purpose of programming logic devices manufactured by
Altera and sold by Altera or its authorized distributors.  Please
refer to the Altera Software License Subscription Agreements 
on the Quartus Prime software download page.



+---------------------------------------------------------------------------------------------------+
; Flow Summary                                                                                      ;
+------------------------------------+--------------------------------------------------------------+
; Flow Status                        ; Successful - Sun May 17 09:02:51 2026                        ;
; Quartus Prime Version              ; 25.1std.0 Build 1129 10/21/2025 Patches 0.36 SC Lite Edition ;
; Revision Name                      ; SimpleRiscExample                                            ;
; Top-level Entity Name              ; SimpleRiscExample                                            ;
; Family                             ; MAX 10                                                       ;
; Device                             ; 10M50DAF484C6GES                                             ;
; Timing Models                      ; Preliminary                                                  ;
; Total logic elements               ; 5,733 / 49,760 ( 12 % )                                      ;
;     Total combinational functions  ; 4,927 / 49,760 ( 10 % )                                      ;
;     Dedicated logic registers      ; 3,690 / 49,760 ( 7 % )                                       ;
; Total registers                    ; 3690                                                         ;
; Total pins                         ; 118 / 360 ( 33 % )                                           ;
; Total virtual pins                 ; 0                                                            ;
; Total memory bits                  ; 1,474,560 / 1,677,312 ( 88 % )                               ;
; Embedded Multiplier 9-bit elements ; 8 / 288 ( 3 % )                                              ;
; Total PLLs                         ; 1 / 4 ( 25 % )                                               ;
; UFM blocks                         ; 0 / 1 ( 0 % )                                                ;
; ADC blocks                         ; 0 / 2 ( 0 % )                                                ;
+------------------------------------+--------------------------------------------------------------+


+-----------------------------------------+
; Flow Settings                           ;
+-------------------+---------------------+
; Option            ; Setting             ;
+-------------------+---------------------+
; Start date & time ; 05/17/2026 09:02:04 ;
; Main task         ; Compilation         ;
; Revision Name     ; SimpleRiscExample   ;
+-------------------+---------------------+


+-------------------------------------------------------------------------------------------------------------------------+
; Flow Non-Default Global Settings                                                                                        ;
+-------------------------------------+----------------------------------------+---------------+-------------+------------+
; Assignment Name                     ; Value                                  ; Default Value ; Entity Name ; Section Id ;
+-------------------------------------+----------------------------------------+---------------+-------------+------------+
; COMPILER_SIGNATURE_ID               ; 231361840562515.177900132400988        ; --            ; --          ; --         ;
; MAX_CORE_JUNCTION_TEMP              ; 85                                     ; --            ; --          ; --         ;
; MIN_CORE_JUNCTION_TEMP              ; 0                                      ; --            ; --          ; --         ;
; MISC_FILE                           ; PLL/PLL.cmp                            ; --            ; --          ; --         ;
; MISC_FILE                           ; PLL/PLL.ppf                            ; --            ; --          ; --         ;
; PARTITION_COLOR                     ; -- (Not supported for targeted family) ; --            ; --          ; Top        ;
; PARTITION_FITTER_PRESERVATION_LEVEL ; -- (Not supported for targeted family) ; --            ; --          ; Top        ;
; PARTITION_NETLIST_TYPE              ; -- (Not supported for targeted family) ; --            ; --          ; Top        ;
; POWER_BOARD_THERMAL_MODEL           ; None (CONSERVATIVE)                    ; --            ; --          ; --         ;
; POWER_PRESET_COOLING_SOLUTION       ; 23 MM HEAT SINK WITH 200 LFPM AIRFLOW  ; --            ; --          ; --         ;
; PROJECT_OUTPUT_DIRECTORY            ; output_files                           ; --            ; --          ; --         ;
; VERILOG_INPUT_VERSION               ; SystemVerilog_2005                     ; Verilog_2001  ; --          ; --         ;
; VERILOG_SHOW_LMF_MAPPING_MESSAGES   ; Off                                    ; --            ; --          ; --         ;
+-------------------------------------+----------------------------------------+---------------+-------------+------------+


+--------------------------------------------------------------------------------------------------------------------------+
; Flow Elapsed Time                                                                                                        ;
+----------------------+--------------+-------------------------+---------------------+------------------------------------+
; Module Name          ; Elapsed Time ; Average Processors Used ; Peak Virtual Memory ; Total CPU Time (on all processors) ;
+----------------------+--------------+-------------------------+---------------------+------------------------------------+
; Analysis & Synthesis ; 00:00:12     ; 1.0                     ; 5221 MB             ; 00:00:18                           ;
; Fitter               ; 00:00:29     ; 1.8                     ; 6760 MB             ; 00:00:59                           ;
; Assembler            ; 00:00:02     ; 1.0                     ; 4868 MB             ; 00:00:02                           ;
; Timing Analyzer      ; 00:00:03     ; 3.1                     ; 5096 MB             ; 00:00:09                           ;
; Total                ; 00:00:46     ; --                      ; --                  ; 00:01:28                           ;
+----------------------+--------------+-------------------------+---------------------+------------------------------------+


+------------------------------------------------------------------------------------+
; Flow OS Summary                                                                    ;
+----------------------+------------------+------------+------------+----------------+
; Module Name          ; Machine Hostname ; OS Name    ; OS Version ; Processor type ;
+----------------------+------------------+------------+------------+----------------+
; Analysis & Synthesis ; ThinkPad-Marvin  ; Windows 10 ; 10.0       ; x86_64         ;
; Fitter               ; ThinkPad-Marvin  ; Windows 10 ; 10.0       ; x86_64         ;
; Assembler            ; ThinkPad-Marvin  ; Windows 10 ; 10.0       ; x86_64         ;
; Timing Analyzer      ; ThinkPad-Marvin  ; Windows 10 ; 10.0       ; x86_64         ;
+----------------------+------------------+------------+------------+----------------+


------------
; Flow Log ;
------------
quartus_map --read_settings_files=on --write_settings_files=off SimpleRiscExample -c SimpleRiscExample
quartus_fit --read_settings_files=off --write_settings_files=off SimpleRiscExample -c SimpleRiscExample
quartus_asm --read_settings_files=off --write_settings_files=off SimpleRiscExample -c SimpleRiscExample
quartus_sta SimpleRiscExample -c SimpleRiscExample



