------------------------------------------------------------
Timing Analyzer Summary
------------------------------------------------------------

Type  : Slow 1200mV 85C Model Setup 'system|pll_1_|altpll_component|auto_generated|pll1|clk[1]'
Slack : 2.367
TNS   : 0.000

Type  : Slow 1200mV 85C Model Setup 'TCK'
Slack : 8.359
TNS   : 0.000

Type  : Slow 1200mV 85C Model Hold 'TCK'
Slack : 0.359
TNS   : 0.000

Type  : Slow 1200mV 85C Model Hold 'system|pll_1_|altpll_component|auto_generated|pll1|clk[1]'
Slack : 0.419
TNS   : 0.000

Type  : Slow 1200mV 85C Model Recovery 'system|pll_1_|altpll_component|auto_generated|pll1|clk[1]'
Slack : 14.960
TNS   : 0.000

Type  : Slow 1200mV 85C Model Removal 'system|pll_1_|altpll_component|auto_generated|pll1|clk[1]'
Slack : 3.536
TNS   : 0.000

Type  : Slow 1200mV 85C Model Minimum Pulse Width 'TCK'
Slack : 9.540
TNS   : 0.000

Type  : Slow 1200mV 85C Model Minimum Pulse Width 'system|pll_1_|altpll_component|auto_generated|pll1|clk[1]'
Slack : 9.624
TNS   : 0.000

Type  : Slow 1200mV 85C Model Minimum Pulse Width 'MAX10_CLK1_50'
Slack : 9.835
TNS   : 0.000

Type  : Slow 1200mV 0C Model Setup 'system|pll_1_|altpll_component|auto_generated|pll1|clk[1]'
Slack : 3.949
TNS   : 0.000

Type  : Slow 1200mV 0C Model Setup 'TCK'
Slack : 8.455
TNS   : 0.000

Type  : Slow 1200mV 0C Model Hold 'TCK'
Slack : 0.325
TNS   : 0.000

Type  : Slow 1200mV 0C Model Hold 'system|pll_1_|altpll_component|auto_generated|pll1|clk[1]'
Slack : 0.346
TNS   : 0.000

Type  : Slow 1200mV 0C Model Recovery 'system|pll_1_|altpll_component|auto_generated|pll1|clk[1]'
Slack : 15.409
TNS   : 0.000

Type  : Slow 1200mV 0C Model Removal 'system|pll_1_|altpll_component|auto_generated|pll1|clk[1]'
Slack : 3.242
TNS   : 0.000

Type  : Slow 1200mV 0C Model Minimum Pulse Width 'TCK'
Slack : 9.620
TNS   : 0.000

Type  : Slow 1200mV 0C Model Minimum Pulse Width 'system|pll_1_|altpll_component|auto_generated|pll1|clk[1]'
Slack : 9.639
TNS   : 0.000

Type  : Slow 1200mV 0C Model Minimum Pulse Width 'MAX10_CLK1_50'
Slack : 9.856
TNS   : 0.000

Type  : Fast 1200mV 0C Model Setup 'TCK'
Slack : 9.546
TNS   : 0.000

Type  : Fast 1200mV 0C Model Setup 'system|pll_1_|altpll_component|auto_generated|pll1|clk[1]'
Slack : 11.253
TNS   : 0.000

Type  : Fast 1200mV 0C Model Hold 'TCK'
Slack : 0.166
TNS   : 0.000

Type  : Fast 1200mV 0C Model Hold 'system|pll_1_|altpll_component|auto_generated|pll1|clk[1]'
Slack : 0.207
TNS   : 0.000

Type  : Fast 1200mV 0C Model Recovery 'system|pll_1_|altpll_component|auto_generated|pll1|clk[1]'
Slack : 17.356
TNS   : 0.000

Type  : Fast 1200mV 0C Model Removal 'system|pll_1_|altpll_component|auto_generated|pll1|clk[1]'
Slack : 1.735
TNS   : 0.000

Type  : Fast 1200mV 0C Model Minimum Pulse Width 'TCK'
Slack : 9.311
TNS   : 0.000

Type  : Fast 1200mV 0C Model Minimum Pulse Width 'MAX10_CLK1_50'
Slack : 9.666
TNS   : 0.000

Type  : Fast 1200mV 0C Model Minimum Pulse Width 'system|pll_1_|altpll_component|auto_generated|pll1|clk[1]'
Slack : 9.710
TNS   : 0.000

------------------------------------------------------------
