Archive member included to satisfy reference by file (symbol)

tinyduino_lib/tinyduino.a(init.o)
                              start.o (init_tiny)
tinyduino_lib/tinyduino.a(printf.o)
                              main.o (printf_)
tinyduino_lib/tinyduino.a(uart.o)
                              tinyduino_lib/tinyduino.a(printf.o) (uart_send)
tinyduino_lib/tinyduino.a(timer.o)
                              tinyduino_lib/tinyduino.a(init.o) (init_all_timers)
tinyduino_lib/tinyduino.a(prescaler.o)
                              tinyduino_lib/tinyduino.a(timer.o) (init_prescaler)
/opt/rv32im/lib/gcc/riscv32-unknown-elf/13.2.0/libgcc.a(_udivdi3.o)
                              tinyduino_lib/tinyduino.a(printf.o) (__udivdi3)
/opt/rv32im/lib/gcc/riscv32-unknown-elf/13.2.0/libgcc.a(_umoddi3.o)
                              tinyduino_lib/tinyduino.a(printf.o) (__umoddi3)
/opt/rv32im/lib/gcc/riscv32-unknown-elf/13.2.0/libgcc.a(adddf3.o)
                              tinyduino_lib/tinyduino.a(printf.o) (__adddf3)
/opt/rv32im/lib/gcc/riscv32-unknown-elf/13.2.0/libgcc.a(divdf3.o)
                              tinyduino_lib/tinyduino.a(printf.o) (__divdf3)
/opt/rv32im/lib/gcc/riscv32-unknown-elf/13.2.0/libgcc.a(eqdf2.o)
                              tinyduino_lib/tinyduino.a(printf.o) (__nedf2)
/opt/rv32im/lib/gcc/riscv32-unknown-elf/13.2.0/libgcc.a(gedf2.o)
                              tinyduino_lib/tinyduino.a(printf.o) (__gedf2)
/opt/rv32im/lib/gcc/riscv32-unknown-elf/13.2.0/libgcc.a(ledf2.o)
                              tinyduino_lib/tinyduino.a(printf.o) (__ltdf2)
/opt/rv32im/lib/gcc/riscv32-unknown-elf/13.2.0/libgcc.a(muldf3.o)
                              tinyduino_lib/tinyduino.a(printf.o) (__muldf3)
/opt/rv32im/lib/gcc/riscv32-unknown-elf/13.2.0/libgcc.a(subdf3.o)
                              tinyduino_lib/tinyduino.a(printf.o) (__subdf3)
/opt/rv32im/lib/gcc/riscv32-unknown-elf/13.2.0/libgcc.a(fixdfsi.o)
                              tinyduino_lib/tinyduino.a(printf.o) (__fixdfsi)
/opt/rv32im/lib/gcc/riscv32-unknown-elf/13.2.0/libgcc.a(fixunsdfsi.o)
                              tinyduino_lib/tinyduino.a(printf.o) (__fixunsdfsi)
/opt/rv32im/lib/gcc/riscv32-unknown-elf/13.2.0/libgcc.a(floatsidf.o)
                              tinyduino_lib/tinyduino.a(printf.o) (__floatsidf)
/opt/rv32im/lib/gcc/riscv32-unknown-elf/13.2.0/libgcc.a(floatunsidf.o)
                              tinyduino_lib/tinyduino.a(printf.o) (__floatunsidf)
/opt/rv32im/lib/gcc/riscv32-unknown-elf/13.2.0/libgcc.a(_clz.o)
                              /opt/rv32im/lib/gcc/riscv32-unknown-elf/13.2.0/libgcc.a(_udivdi3.o) (__clz_tab)
/opt/rv32im/lib/gcc/riscv32-unknown-elf/13.2.0/libgcc.a(_clzsi2.o)
                              /opt/rv32im/lib/gcc/riscv32-unknown-elf/13.2.0/libgcc.a(adddf3.o) (__clzsi2)
/opt/rv32im/lib/gcc/riscv32-unknown-elf/13.2.0/../../../../riscv32-unknown-elf/lib/libc.a(libc_a-strtoul.o)
                              main.o (strtoul)
/opt/rv32im/lib/gcc/riscv32-unknown-elf/13.2.0/../../../../riscv32-unknown-elf/lib/libc.a(libc_a-ctype_.o)
                              /opt/rv32im/lib/gcc/riscv32-unknown-elf/13.2.0/../../../../riscv32-unknown-elf/lib/libc.a(libc_a-strtoul.o) (_ctype_)
/opt/rv32im/lib/gcc/riscv32-unknown-elf/13.2.0/../../../../riscv32-unknown-elf/lib/libc.a(libc_a-strtok.o)
                              main.o (strtok)
/opt/rv32im/lib/gcc/riscv32-unknown-elf/13.2.0/../../../../riscv32-unknown-elf/lib/libc.a(libc_a-strtok_r.o)
                              /opt/rv32im/lib/gcc/riscv32-unknown-elf/13.2.0/../../../../riscv32-unknown-elf/lib/libc.a(libc_a-strtok.o) (__strtok_r)
/opt/rv32im/lib/gcc/riscv32-unknown-elf/13.2.0/../../../../riscv32-unknown-elf/lib/libc.a(libc_a-impure.o)
                              /opt/rv32im/lib/gcc/riscv32-unknown-elf/13.2.0/../../../../riscv32-unknown-elf/lib/libc.a(libc_a-strtoul.o) (_impure_ptr)
/opt/rv32im/lib/gcc/riscv32-unknown-elf/13.2.0/../../../../riscv32-unknown-elf/lib/libc.a(libc_a-findfp.o)
                              /opt/rv32im/lib/gcc/riscv32-unknown-elf/13.2.0/../../../../riscv32-unknown-elf/lib/libc.a(libc_a-impure.o) (__sf)
/opt/rv32im/lib/gcc/riscv32-unknown-elf/13.2.0/../../../../riscv32-unknown-elf/lib/libc.a(libc_a-fwalk.o)
                              /opt/rv32im/lib/gcc/riscv32-unknown-elf/13.2.0/../../../../riscv32-unknown-elf/lib/libc.a(libc_a-findfp.o) (_fwalk_sglue)
/opt/rv32im/lib/gcc/riscv32-unknown-elf/13.2.0/../../../../riscv32-unknown-elf/lib/libc.a(libc_a-stdio.o)
                              /opt/rv32im/lib/gcc/riscv32-unknown-elf/13.2.0/../../../../riscv32-unknown-elf/lib/libc.a(libc_a-findfp.o) (__sread)
/opt/rv32im/lib/gcc/riscv32-unknown-elf/13.2.0/../../../../riscv32-unknown-elf/lib/libc.a(libc_a-closer.o)
                              /opt/rv32im/lib/gcc/riscv32-unknown-elf/13.2.0/../../../../riscv32-unknown-elf/lib/libc.a(libc_a-stdio.o) (_close_r)
/opt/rv32im/lib/gcc/riscv32-unknown-elf/13.2.0/../../../../riscv32-unknown-elf/lib/libc.a(libc_a-reent.o)
                              /opt/rv32im/lib/gcc/riscv32-unknown-elf/13.2.0/../../../../riscv32-unknown-elf/lib/libc.a(libc_a-closer.o) (errno)
/opt/rv32im/lib/gcc/riscv32-unknown-elf/13.2.0/../../../../riscv32-unknown-elf/lib/libc.a(libc_a-lseekr.o)
                              /opt/rv32im/lib/gcc/riscv32-unknown-elf/13.2.0/../../../../riscv32-unknown-elf/lib/libc.a(libc_a-stdio.o) (_lseek_r)
/opt/rv32im/lib/gcc/riscv32-unknown-elf/13.2.0/../../../../riscv32-unknown-elf/lib/libc.a(libc_a-readr.o)
                              /opt/rv32im/lib/gcc/riscv32-unknown-elf/13.2.0/../../../../riscv32-unknown-elf/lib/libc.a(libc_a-stdio.o) (_read_r)
/opt/rv32im/lib/gcc/riscv32-unknown-elf/13.2.0/../../../../riscv32-unknown-elf/lib/libc.a(libc_a-writer.o)
                              /opt/rv32im/lib/gcc/riscv32-unknown-elf/13.2.0/../../../../riscv32-unknown-elf/lib/libc.a(libc_a-stdio.o) (_write_r)
/opt/rv32im/lib/gcc/riscv32-unknown-elf/13.2.0/../../../../riscv32-unknown-elf/lib/libc.a(libc_a-memset.o)
                              /opt/rv32im/lib/gcc/riscv32-unknown-elf/13.2.0/../../../../riscv32-unknown-elf/lib/libc.a(libc_a-findfp.o) (memset)
/opt/rv32im/lib/gcc/riscv32-unknown-elf/13.2.0/../../../../riscv32-unknown-elf/lib/libc.a(libc_a-freer.o)
                              /opt/rv32im/lib/gcc/riscv32-unknown-elf/13.2.0/../../../../riscv32-unknown-elf/lib/libc.a(libc_a-reent.o) (_free_r)
/opt/rv32im/lib/gcc/riscv32-unknown-elf/13.2.0/../../../../riscv32-unknown-elf/lib/libc.a(libc_a-mallocr.o)
                              /opt/rv32im/lib/gcc/riscv32-unknown-elf/13.2.0/../../../../riscv32-unknown-elf/lib/libc.a(libc_a-findfp.o) (_malloc_r)
/opt/rv32im/lib/gcc/riscv32-unknown-elf/13.2.0/../../../../riscv32-unknown-elf/lib/libc.a(libc_a-mlock.o)
                              /opt/rv32im/lib/gcc/riscv32-unknown-elf/13.2.0/../../../../riscv32-unknown-elf/lib/libc.a(libc_a-freer.o) (__malloc_lock)
/opt/rv32im/lib/gcc/riscv32-unknown-elf/13.2.0/../../../../riscv32-unknown-elf/lib/libc.a(libc_a-fclose.o)
                              /opt/rv32im/lib/gcc/riscv32-unknown-elf/13.2.0/../../../../riscv32-unknown-elf/lib/libc.a(libc_a-findfp.o) (_fclose_r)
/opt/rv32im/lib/gcc/riscv32-unknown-elf/13.2.0/../../../../riscv32-unknown-elf/lib/libc.a(libc_a-fflush.o)
                              /opt/rv32im/lib/gcc/riscv32-unknown-elf/13.2.0/../../../../riscv32-unknown-elf/lib/libc.a(libc_a-fclose.o) (__sflush_r)
/opt/rv32im/lib/gcc/riscv32-unknown-elf/13.2.0/../../../../riscv32-unknown-elf/lib/libc.a(libc_a-sbrkr.o)
                              /opt/rv32im/lib/gcc/riscv32-unknown-elf/13.2.0/../../../../riscv32-unknown-elf/lib/libc.a(libc_a-freer.o) (_sbrk_r)
/opt/rv32im/lib/gcc/riscv32-unknown-elf/13.2.0/../../../../riscv32-unknown-elf/lib/libgloss.a(riscv_libgloss_a-sys_close.o)
                              /opt/rv32im/lib/gcc/riscv32-unknown-elf/13.2.0/../../../../riscv32-unknown-elf/lib/libc.a(libc_a-closer.o) (_close)
/opt/rv32im/lib/gcc/riscv32-unknown-elf/13.2.0/../../../../riscv32-unknown-elf/lib/libgloss.a(riscv_libgloss_a-sys_lseek.o)
                              /opt/rv32im/lib/gcc/riscv32-unknown-elf/13.2.0/../../../../riscv32-unknown-elf/lib/libc.a(libc_a-lseekr.o) (_lseek)
/opt/rv32im/lib/gcc/riscv32-unknown-elf/13.2.0/../../../../riscv32-unknown-elf/lib/libgloss.a(riscv_libgloss_a-sys_read.o)
                              /opt/rv32im/lib/gcc/riscv32-unknown-elf/13.2.0/../../../../riscv32-unknown-elf/lib/libc.a(libc_a-readr.o) (_read)
/opt/rv32im/lib/gcc/riscv32-unknown-elf/13.2.0/../../../../riscv32-unknown-elf/lib/libgloss.a(riscv_libgloss_a-sys_sbrk.o)
                              /opt/rv32im/lib/gcc/riscv32-unknown-elf/13.2.0/../../../../riscv32-unknown-elf/lib/libc.a(libc_a-sbrkr.o) (_sbrk)
/opt/rv32im/lib/gcc/riscv32-unknown-elf/13.2.0/../../../../riscv32-unknown-elf/lib/libgloss.a(riscv_libgloss_a-sys_write.o)
                              /opt/rv32im/lib/gcc/riscv32-unknown-elf/13.2.0/../../../../riscv32-unknown-elf/lib/libc.a(libc_a-writer.o) (_write)
/opt/rv32im/lib/gcc/riscv32-unknown-elf/13.2.0/../../../../riscv32-unknown-elf/lib/libc.a(libc_a-errno.o)
                              /opt/rv32im/lib/gcc/riscv32-unknown-elf/13.2.0/../../../../riscv32-unknown-elf/lib/libgloss.a(riscv_libgloss_a-sys_close.o) (__errno)

Discarded input sections

 .comment       0x00000000       0x1c main.o
 .comment       0x00000000       0x1c tinyduino_lib/tinyduino.a(init.o)
 .comment       0x00000000       0x1c tinyduino_lib/tinyduino.a(printf.o)
 .comment       0x00000000       0x1c tinyduino_lib/tinyduino.a(uart.o)
 .comment       0x00000000       0x1c tinyduino_lib/tinyduino.a(timer.o)
 .comment       0x00000000       0x1c tinyduino_lib/tinyduino.a(prescaler.o)
 .comment       0x00000000       0x1c /opt/rv32im/lib/gcc/riscv32-unknown-elf/13.2.0/libgcc.a(_udivdi3.o)
 .comment       0x00000000       0x1c /opt/rv32im/lib/gcc/riscv32-unknown-elf/13.2.0/libgcc.a(_umoddi3.o)
 .comment       0x00000000       0x1c /opt/rv32im/lib/gcc/riscv32-unknown-elf/13.2.0/libgcc.a(adddf3.o)
 .comment       0x00000000       0x1c /opt/rv32im/lib/gcc/riscv32-unknown-elf/13.2.0/libgcc.a(divdf3.o)
 .comment       0x00000000       0x1c /opt/rv32im/lib/gcc/riscv32-unknown-elf/13.2.0/libgcc.a(eqdf2.o)
 .comment       0x00000000       0x1c /opt/rv32im/lib/gcc/riscv32-unknown-elf/13.2.0/libgcc.a(gedf2.o)
 .comment       0x00000000       0x1c /opt/rv32im/lib/gcc/riscv32-unknown-elf/13.2.0/libgcc.a(ledf2.o)
 .comment       0x00000000       0x1c /opt/rv32im/lib/gcc/riscv32-unknown-elf/13.2.0/libgcc.a(muldf3.o)
 .comment       0x00000000       0x1c /opt/rv32im/lib/gcc/riscv32-unknown-elf/13.2.0/libgcc.a(subdf3.o)
 .comment       0x00000000       0x1c /opt/rv32im/lib/gcc/riscv32-unknown-elf/13.2.0/libgcc.a(fixdfsi.o)
 .comment       0x00000000       0x1c /opt/rv32im/lib/gcc/riscv32-unknown-elf/13.2.0/libgcc.a(fixunsdfsi.o)
 .comment       0x00000000       0x1c /opt/rv32im/lib/gcc/riscv32-unknown-elf/13.2.0/libgcc.a(floatsidf.o)
 .comment       0x00000000       0x1c /opt/rv32im/lib/gcc/riscv32-unknown-elf/13.2.0/libgcc.a(floatunsidf.o)
 .comment       0x00000000       0x1c /opt/rv32im/lib/gcc/riscv32-unknown-elf/13.2.0/libgcc.a(_clz.o)
 .comment       0x00000000       0x1c /opt/rv32im/lib/gcc/riscv32-unknown-elf/13.2.0/libgcc.a(_clzsi2.o)
 .comment       0x00000000       0x13 /opt/rv32im/lib/gcc/riscv32-unknown-elf/13.2.0/../../../../riscv32-unknown-elf/lib/libc.a(libc_a-strtoul.o)
 .comment       0x00000000       0x13 /opt/rv32im/lib/gcc/riscv32-unknown-elf/13.2.0/../../../../riscv32-unknown-elf/lib/libc.a(libc_a-ctype_.o)
 .comment       0x00000000       0x13 /opt/rv32im/lib/gcc/riscv32-unknown-elf/13.2.0/../../../../riscv32-unknown-elf/lib/libc.a(libc_a-strtok.o)
 .comment       0x00000000       0x13 /opt/rv32im/lib/gcc/riscv32-unknown-elf/13.2.0/../../../../riscv32-unknown-elf/lib/libc.a(libc_a-strtok_r.o)
 .comment       0x00000000       0x13 /opt/rv32im/lib/gcc/riscv32-unknown-elf/13.2.0/../../../../riscv32-unknown-elf/lib/libc.a(libc_a-impure.o)
 .comment       0x00000000       0x13 /opt/rv32im/lib/gcc/riscv32-unknown-elf/13.2.0/../../../../riscv32-unknown-elf/lib/libc.a(libc_a-findfp.o)
 .comment       0x00000000       0x13 /opt/rv32im/lib/gcc/riscv32-unknown-elf/13.2.0/../../../../riscv32-unknown-elf/lib/libc.a(libc_a-fwalk.o)
 .comment       0x00000000       0x13 /opt/rv32im/lib/gcc/riscv32-unknown-elf/13.2.0/../../../../riscv32-unknown-elf/lib/libc.a(libc_a-stdio.o)
 .comment       0x00000000       0x13 /opt/rv32im/lib/gcc/riscv32-unknown-elf/13.2.0/../../../../riscv32-unknown-elf/lib/libc.a(libc_a-closer.o)
 .comment       0x00000000       0x13 /opt/rv32im/lib/gcc/riscv32-unknown-elf/13.2.0/../../../../riscv32-unknown-elf/lib/libc.a(libc_a-reent.o)
 .comment       0x00000000       0x13 /opt/rv32im/lib/gcc/riscv32-unknown-elf/13.2.0/../../../../riscv32-unknown-elf/lib/libc.a(libc_a-lseekr.o)
 .comment       0x00000000       0x13 /opt/rv32im/lib/gcc/riscv32-unknown-elf/13.2.0/../../../../riscv32-unknown-elf/lib/libc.a(libc_a-readr.o)
 .comment       0x00000000       0x13 /opt/rv32im/lib/gcc/riscv32-unknown-elf/13.2.0/../../../../riscv32-unknown-elf/lib/libc.a(libc_a-writer.o)
 .comment       0x00000000       0x13 /opt/rv32im/lib/gcc/riscv32-unknown-elf/13.2.0/../../../../riscv32-unknown-elf/lib/libc.a(libc_a-freer.o)
 .comment       0x00000000       0x13 /opt/rv32im/lib/gcc/riscv32-unknown-elf/13.2.0/../../../../riscv32-unknown-elf/lib/libc.a(libc_a-mallocr.o)
 .comment       0x00000000       0x13 /opt/rv32im/lib/gcc/riscv32-unknown-elf/13.2.0/../../../../riscv32-unknown-elf/lib/libc.a(libc_a-mlock.o)
 .comment       0x00000000       0x13 /opt/rv32im/lib/gcc/riscv32-unknown-elf/13.2.0/../../../../riscv32-unknown-elf/lib/libc.a(libc_a-fclose.o)
 .comment       0x00000000       0x13 /opt/rv32im/lib/gcc/riscv32-unknown-elf/13.2.0/../../../../riscv32-unknown-elf/lib/libc.a(libc_a-fflush.o)
 .comment       0x00000000       0x13 /opt/rv32im/lib/gcc/riscv32-unknown-elf/13.2.0/../../../../riscv32-unknown-elf/lib/libc.a(libc_a-sbrkr.o)
 .comment       0x00000000       0x13 /opt/rv32im/lib/gcc/riscv32-unknown-elf/13.2.0/../../../../riscv32-unknown-elf/lib/libgloss.a(riscv_libgloss_a-sys_close.o)
 .comment       0x00000000       0x13 /opt/rv32im/lib/gcc/riscv32-unknown-elf/13.2.0/../../../../riscv32-unknown-elf/lib/libgloss.a(riscv_libgloss_a-sys_lseek.o)
 .comment       0x00000000       0x13 /opt/rv32im/lib/gcc/riscv32-unknown-elf/13.2.0/../../../../riscv32-unknown-elf/lib/libgloss.a(riscv_libgloss_a-sys_read.o)
 .comment       0x00000000       0x13 /opt/rv32im/lib/gcc/riscv32-unknown-elf/13.2.0/../../../../riscv32-unknown-elf/lib/libgloss.a(riscv_libgloss_a-sys_sbrk.o)
 .comment       0x00000000       0x13 /opt/rv32im/lib/gcc/riscv32-unknown-elf/13.2.0/../../../../riscv32-unknown-elf/lib/libgloss.a(riscv_libgloss_a-sys_write.o)
 .comment       0x00000000       0x13 /opt/rv32im/lib/gcc/riscv32-unknown-elf/13.2.0/../../../../riscv32-unknown-elf/lib/libc.a(libc_a-errno.o)

Memory Configuration

Name             Origin             Length             Attributes
BRAM             0x80000000         0x0002c000         rw
SDRAM            0x40000000         0x04000000         rw
*default*        0x00000000         0xffffffff

Linker script and memory map

LOAD start.o
LOAD main.o
LOAD tinyduino_lib/tinyduino.a
LOAD /opt/rv32im/lib/gcc/riscv32-unknown-elf/13.2.0/libgcc.a
START GROUP
LOAD /opt/rv32im/lib/gcc/riscv32-unknown-elf/13.2.0/../../../../riscv32-unknown-elf/lib/libc.a
LOAD /opt/rv32im/lib/gcc/riscv32-unknown-elf/13.2.0/../../../../riscv32-unknown-elf/lib/libgloss.a
END GROUP
LOAD /opt/rv32im/lib/gcc/riscv32-unknown-elf/13.2.0/libgcc.a

.text           0x80000000     0x7490
 *(.init)
 .init          0x80000000      0x170 start.o
                0x80000000                _start
                0x800000dc                trap_entry
 *(.text*)
 .text          0x80000170        0x0 start.o
 .text          0x80000170        0x0 main.o
 .text.uart_callback
                0x80000170      0x204 main.o
                0x80000170                uart_callback
 .text.main     0x80000374       0x44 main.o
                0x80000374                main
 .text          0x800003b8        0x0 tinyduino_lib/tinyduino.a(init.o)
 .text.init_tiny
                0x800003b8       0x38 tinyduino_lib/tinyduino.a(init.o)
                0x800003b8                init_tiny
 .text.interruptCallback
                0x800003f0       0x98 tinyduino_lib/tinyduino.a(init.o)
                0x800003f0                interruptCallback
 .text.setCallbackForTimer
                0x80000488       0x34 tinyduino_lib/tinyduino.a(init.o)
                0x80000488                setCallbackForTimer
 .text.setCallbackForUART
                0x800004bc       0x20 tinyduino_lib/tinyduino.a(init.o)
                0x800004bc                setCallbackForUART
 .text.setCallbackForExternal
                0x800004dc       0x20 tinyduino_lib/tinyduino.a(init.o)
                0x800004dc                setCallbackForExternal
 .text.timerInterrupt
                0x800004fc       0x98 tinyduino_lib/tinyduino.a(init.o)
                0x800004fc                timerInterrupt
 .text.externalInterrupt
                0x80000594       0x6c tinyduino_lib/tinyduino.a(init.o)
                0x80000594                externalInterrupt
 .text.crash    0x80000600        0x4 tinyduino_lib/tinyduino.a(init.o)
                0x80000600                crash
 .text          0x80000604        0x0 tinyduino_lib/tinyduino.a(printf.o)
 .text._out_buffer
                0x80000604       0x10 tinyduino_lib/tinyduino.a(printf.o)
 .text._out_null
                0x80000614        0x4 tinyduino_lib/tinyduino.a(printf.o)
 .text._out_fct
                0x80000618       0x14 tinyduino_lib/tinyduino.a(printf.o)
 .text._strnlen_s
                0x8000062c       0x34 tinyduino_lib/tinyduino.a(printf.o)
 .text._is_digit
                0x80000660        0xc tinyduino_lib/tinyduino.a(printf.o)
 .text._atoi    0x8000066c       0x70 tinyduino_lib/tinyduino.a(printf.o)
 .text._out_rev
                0x800006dc      0x134 tinyduino_lib/tinyduino.a(printf.o)
 .text._ntoa_format
                0x80000810      0x360 tinyduino_lib/tinyduino.a(printf.o)
 .text._ntoa_long
                0x80000b70       0xcc tinyduino_lib/tinyduino.a(printf.o)
 .text._ntoa_long_long
                0x80000c3c      0x198 tinyduino_lib/tinyduino.a(printf.o)
 .text._etoa    0x80000dd4      0x67c tinyduino_lib/tinyduino.a(printf.o)
 .text._ftoa    0x80001450      0x664 tinyduino_lib/tinyduino.a(printf.o)
 .text._vsnprintf
                0x80001ab4      0x980 tinyduino_lib/tinyduino.a(printf.o)
 .text._putchar
                0x80002434        0x8 tinyduino_lib/tinyduino.a(printf.o)
                0x80002434                _putchar
 .text._out_char
                0x8000243c       0x10 tinyduino_lib/tinyduino.a(printf.o)
 .text.printf_  0x8000244c       0x58 tinyduino_lib/tinyduino.a(printf.o)
                0x8000244c                printf_
 .text.sprintf_
                0x800024a4       0x54 tinyduino_lib/tinyduino.a(printf.o)
                0x800024a4                sprintf_
 .text.snprintf_
                0x800024f8       0x50 tinyduino_lib/tinyduino.a(printf.o)
                0x800024f8                snprintf_
 .text.vprintf_
                0x80002548       0x34 tinyduino_lib/tinyduino.a(printf.o)
                0x80002548                vprintf_
 .text.vsnprintf_
                0x8000257c       0x20 tinyduino_lib/tinyduino.a(printf.o)
                0x8000257c                vsnprintf_
 .text.fctprintf
                0x8000259c       0x60 tinyduino_lib/tinyduino.a(printf.o)
                0x8000259c                fctprintf
 .text          0x800025fc        0x0 tinyduino_lib/tinyduino.a(uart.o)
 .text.uart_send
                0x800025fc       0x3c tinyduino_lib/tinyduino.a(uart.o)
                0x800025fc                uart_send
 .text.uart_available
                0x80002638       0x14 tinyduino_lib/tinyduino.a(uart.o)
                0x80002638                uart_available
 .text.uart_recv
                0x8000264c       0x44 tinyduino_lib/tinyduino.a(uart.o)
                0x8000264c                uart_recv
 .text.uart_init
                0x80002690       0x24 tinyduino_lib/tinyduino.a(uart.o)
                0x80002690                uart_init
 .text.uart_interrupt
                0x800026b4       0x14 tinyduino_lib/tinyduino.a(uart.o)
                0x800026b4                uart_interrupt
 .text.enable_uart_interrupt
                0x800026c8       0x34 tinyduino_lib/tinyduino.a(uart.o)
                0x800026c8                enable_uart_interrupt
 .text.disable_uart_interrupt
                0x800026fc       0x2c tinyduino_lib/tinyduino.a(uart.o)
                0x800026fc                disable_uart_interrupt
 .text.read_char
                0x80002728       0x28 tinyduino_lib/tinyduino.a(uart.o)
                0x80002728                read_char
 .text.read_line
                0x80002750       0x80 tinyduino_lib/tinyduino.a(uart.o)
                0x80002750                read_line
 .text          0x800027d0        0x0 tinyduino_lib/tinyduino.a(timer.o)
 .text.init_timer
                0x800027d0       0x24 tinyduino_lib/tinyduino.a(timer.o)
                0x800027d0                init_timer
 .text.init_interruptCtrl
                0x800027f4       0x24 tinyduino_lib/tinyduino.a(timer.o)
                0x800027f4                init_interruptCtrl
 .text.init_all_timers
                0x80002818       0x70 tinyduino_lib/tinyduino.a(timer.o)
                0x80002818                init_all_timers
 .text.status_timer
                0x80002888       0xa0 tinyduino_lib/tinyduino.a(timer.o)
                0x80002888                status_timer
 .text.start_timer
                0x80002928      0x178 tinyduino_lib/tinyduino.a(timer.o)
                0x80002928                start_timer
 .text.clear_timer
                0x80002aa0      0x10c tinyduino_lib/tinyduino.a(timer.o)
                0x80002aa0                clear_timer
 .text.timer_interrupt_cause
                0x80002bac       0x64 tinyduino_lib/tinyduino.a(timer.o)
                0x80002bac                timer_interrupt_cause
 .text          0x80002c10        0x0 tinyduino_lib/tinyduino.a(prescaler.o)
 .text.init_prescaler
                0x80002c10       0x20 tinyduino_lib/tinyduino.a(prescaler.o)
                0x80002c10                init_prescaler
 .text          0x80002c30      0x430 /opt/rv32im/lib/gcc/riscv32-unknown-elf/13.2.0/libgcc.a(_udivdi3.o)
                0x80002c30                __udivdi3
 .text          0x80003060      0x3e4 /opt/rv32im/lib/gcc/riscv32-unknown-elf/13.2.0/libgcc.a(_umoddi3.o)
                0x80003060                __umoddi3
 .text          0x80003444      0x79c /opt/rv32im/lib/gcc/riscv32-unknown-elf/13.2.0/libgcc.a(adddf3.o)
                0x80003444                __adddf3
 .text          0x80003be0      0x6ec /opt/rv32im/lib/gcc/riscv32-unknown-elf/13.2.0/libgcc.a(divdf3.o)
                0x80003be0                __divdf3
 .text          0x800042cc       0x8c /opt/rv32im/lib/gcc/riscv32-unknown-elf/13.2.0/libgcc.a(eqdf2.o)
                0x800042cc                __eqdf2
                0x800042cc                __nedf2
 .text          0x80004358       0xdc /opt/rv32im/lib/gcc/riscv32-unknown-elf/13.2.0/libgcc.a(gedf2.o)
                0x80004358                __gtdf2
                0x80004358                __gedf2
 .text          0x80004434       0xdc /opt/rv32im/lib/gcc/riscv32-unknown-elf/13.2.0/libgcc.a(ledf2.o)
                0x80004434                __ltdf2
                0x80004434                __ledf2
 .text          0x80004510      0x600 /opt/rv32im/lib/gcc/riscv32-unknown-elf/13.2.0/libgcc.a(muldf3.o)
                0x80004510                __muldf3
 .text          0x80004b10      0x7b0 /opt/rv32im/lib/gcc/riscv32-unknown-elf/13.2.0/libgcc.a(subdf3.o)
                0x80004b10                __subdf3
 .text          0x800052c0       0x80 /opt/rv32im/lib/gcc/riscv32-unknown-elf/13.2.0/libgcc.a(fixdfsi.o)
                0x800052c0                __fixdfsi
 .text          0x80005340       0x7c /opt/rv32im/lib/gcc/riscv32-unknown-elf/13.2.0/libgcc.a(fixunsdfsi.o)
                0x80005340                __fixunsdfsi
 .text          0x800053bc       0xac /opt/rv32im/lib/gcc/riscv32-unknown-elf/13.2.0/libgcc.a(floatsidf.o)
                0x800053bc                __floatsidf
 .text          0x80005468       0x84 /opt/rv32im/lib/gcc/riscv32-unknown-elf/13.2.0/libgcc.a(floatunsidf.o)
                0x80005468                __floatunsidf
 .text          0x800054ec        0x0 /opt/rv32im/lib/gcc/riscv32-unknown-elf/13.2.0/libgcc.a(_clz.o)
 .text          0x800054ec       0x4c /opt/rv32im/lib/gcc/riscv32-unknown-elf/13.2.0/libgcc.a(_clzsi2.o)
                0x800054ec                __clzsi2
 .text          0x80005538        0x0 /opt/rv32im/lib/gcc/riscv32-unknown-elf/13.2.0/../../../../riscv32-unknown-elf/lib/libc.a(libc_a-strtoul.o)
 .text._strtoul_l.isra.0
                0x80005538      0x1c0 /opt/rv32im/lib/gcc/riscv32-unknown-elf/13.2.0/../../../../riscv32-unknown-elf/lib/libc.a(libc_a-strtoul.o)
 .text._strtoul_r
                0x800056f8        0x8 /opt/rv32im/lib/gcc/riscv32-unknown-elf/13.2.0/../../../../riscv32-unknown-elf/lib/libc.a(libc_a-strtoul.o)
                0x800056f8                _strtoul_r
 .text.strtoul_l
                0x80005700       0x20 /opt/rv32im/lib/gcc/riscv32-unknown-elf/13.2.0/../../../../riscv32-unknown-elf/lib/libc.a(libc_a-strtoul.o)
                0x80005700                strtoul_l
 .text.strtoul  0x80005720       0x20 /opt/rv32im/lib/gcc/riscv32-unknown-elf/13.2.0/../../../../riscv32-unknown-elf/lib/libc.a(libc_a-strtoul.o)
                0x80005720                strtoul
 .text          0x80005740        0x0 /opt/rv32im/lib/gcc/riscv32-unknown-elf/13.2.0/../../../../riscv32-unknown-elf/lib/libc.a(libc_a-ctype_.o)
 .text          0x80005740        0x0 /opt/rv32im/lib/gcc/riscv32-unknown-elf/13.2.0/../../../../riscv32-unknown-elf/lib/libc.a(libc_a-strtok.o)
 .text.strtok   0x80005740       0x18 /opt/rv32im/lib/gcc/riscv32-unknown-elf/13.2.0/../../../../riscv32-unknown-elf/lib/libc.a(libc_a-strtok.o)
                0x80005740                strtok
 .text          0x80005758        0x0 /opt/rv32im/lib/gcc/riscv32-unknown-elf/13.2.0/../../../../riscv32-unknown-elf/lib/libc.a(libc_a-strtok_r.o)
 .text.__strtok_r
                0x80005758       0xa0 /opt/rv32im/lib/gcc/riscv32-unknown-elf/13.2.0/../../../../riscv32-unknown-elf/lib/libc.a(libc_a-strtok_r.o)
                0x80005758                __strtok_r
 .text.strtok_r
                0x800057f8        0xc /opt/rv32im/lib/gcc/riscv32-unknown-elf/13.2.0/../../../../riscv32-unknown-elf/lib/libc.a(libc_a-strtok_r.o)
                0x800057f8                strtok_r
 .text          0x80005804        0x0 /opt/rv32im/lib/gcc/riscv32-unknown-elf/13.2.0/../../../../riscv32-unknown-elf/lib/libc.a(libc_a-impure.o)
 .text          0x80005804        0x0 /opt/rv32im/lib/gcc/riscv32-unknown-elf/13.2.0/../../../../riscv32-unknown-elf/lib/libc.a(libc_a-findfp.o)
 .text.__fp_lock
                0x80005804        0x8 /opt/rv32im/lib/gcc/riscv32-unknown-elf/13.2.0/../../../../riscv32-unknown-elf/lib/libc.a(libc_a-findfp.o)
 .text.stdio_exit_handler
                0x8000580c       0x20 /opt/rv32im/lib/gcc/riscv32-unknown-elf/13.2.0/../../../../riscv32-unknown-elf/lib/libc.a(libc_a-findfp.o)
 .text.cleanup_stdio
                0x8000582c       0x7c /opt/rv32im/lib/gcc/riscv32-unknown-elf/13.2.0/../../../../riscv32-unknown-elf/lib/libc.a(libc_a-findfp.o)
 .text.__fp_unlock
                0x800058a8        0x8 /opt/rv32im/lib/gcc/riscv32-unknown-elf/13.2.0/../../../../riscv32-unknown-elf/lib/libc.a(libc_a-findfp.o)
 .text.global_stdio_init.part.0
                0x800058b0      0x17c /opt/rv32im/lib/gcc/riscv32-unknown-elf/13.2.0/../../../../riscv32-unknown-elf/lib/libc.a(libc_a-findfp.o)
 .text.__sfp    0x80005a2c      0x13c /opt/rv32im/lib/gcc/riscv32-unknown-elf/13.2.0/../../../../riscv32-unknown-elf/lib/libc.a(libc_a-findfp.o)
                0x80005a2c                __sfp
 .text.__sinit  0x80005b68       0x2c /opt/rv32im/lib/gcc/riscv32-unknown-elf/13.2.0/../../../../riscv32-unknown-elf/lib/libc.a(libc_a-findfp.o)
                0x80005b68                __sinit
 .text.__sfp_lock_acquire
                0x80005b94        0x4 /opt/rv32im/lib/gcc/riscv32-unknown-elf/13.2.0/../../../../riscv32-unknown-elf/lib/libc.a(libc_a-findfp.o)
                0x80005b94                __sfp_lock_acquire
 .text.__sfp_lock_release
                0x80005b98        0x4 /opt/rv32im/lib/gcc/riscv32-unknown-elf/13.2.0/../../../../riscv32-unknown-elf/lib/libc.a(libc_a-findfp.o)
                0x80005b98                __sfp_lock_release
 .text.__fp_lock_all
                0x80005b9c       0x1c /opt/rv32im/lib/gcc/riscv32-unknown-elf/13.2.0/../../../../riscv32-unknown-elf/lib/libc.a(libc_a-findfp.o)
                0x80005b9c                __fp_lock_all
 .text.__fp_unlock_all
                0x80005bb8       0x1c /opt/rv32im/lib/gcc/riscv32-unknown-elf/13.2.0/../../../../riscv32-unknown-elf/lib/libc.a(libc_a-findfp.o)
                0x80005bb8                __fp_unlock_all
 .text          0x80005bd4        0x0 /opt/rv32im/lib/gcc/riscv32-unknown-elf/13.2.0/../../../../riscv32-unknown-elf/lib/libc.a(libc_a-fwalk.o)
 .text._fwalk_sglue
                0x80005bd4       0xb4 /opt/rv32im/lib/gcc/riscv32-unknown-elf/13.2.0/../../../../riscv32-unknown-elf/lib/libc.a(libc_a-fwalk.o)
                0x80005bd4                _fwalk_sglue
 .text          0x80005c88        0x0 /opt/rv32im/lib/gcc/riscv32-unknown-elf/13.2.0/../../../../riscv32-unknown-elf/lib/libc.a(libc_a-stdio.o)
 .text.__sread  0x80005c88       0x60 /opt/rv32im/lib/gcc/riscv32-unknown-elf/13.2.0/../../../../riscv32-unknown-elf/lib/libc.a(libc_a-stdio.o)
                0x80005c88                __sread
 .text.__seofread
                0x80005ce8        0x8 /opt/rv32im/lib/gcc/riscv32-unknown-elf/13.2.0/../../../../riscv32-unknown-elf/lib/libc.a(libc_a-stdio.o)
                0x80005ce8                __seofread
 .text.__swrite
                0x80005cf0       0x90 /opt/rv32im/lib/gcc/riscv32-unknown-elf/13.2.0/../../../../riscv32-unknown-elf/lib/libc.a(libc_a-stdio.o)
                0x80005cf0                __swrite
 .text.__sseek  0x80005d80       0x7c /opt/rv32im/lib/gcc/riscv32-unknown-elf/13.2.0/../../../../riscv32-unknown-elf/lib/libc.a(libc_a-stdio.o)
                0x80005d80                __sseek
 .text.__sclose
                0x80005dfc        0xc /opt/rv32im/lib/gcc/riscv32-unknown-elf/13.2.0/../../../../riscv32-unknown-elf/lib/libc.a(libc_a-stdio.o)
                0x80005dfc                __sclose
 .text          0x80005e08        0x0 /opt/rv32im/lib/gcc/riscv32-unknown-elf/13.2.0/../../../../riscv32-unknown-elf/lib/libc.a(libc_a-closer.o)
 .text._close_r
                0x80005e08       0x64 /opt/rv32im/lib/gcc/riscv32-unknown-elf/13.2.0/../../../../riscv32-unknown-elf/lib/libc.a(libc_a-closer.o)
                0x80005e08                _close_r
 .text          0x80005e6c        0x0 /opt/rv32im/lib/gcc/riscv32-unknown-elf/13.2.0/../../../../riscv32-unknown-elf/lib/libc.a(libc_a-reent.o)
 .text._reclaim_reent
                0x80005e6c       0xd8 /opt/rv32im/lib/gcc/riscv32-unknown-elf/13.2.0/../../../../riscv32-unknown-elf/lib/libc.a(libc_a-reent.o)
                0x80005e6c                _reclaim_reent
 .text          0x80005f44        0x0 /opt/rv32im/lib/gcc/riscv32-unknown-elf/13.2.0/../../../../riscv32-unknown-elf/lib/libc.a(libc_a-lseekr.o)
 .text._lseek_r
                0x80005f44       0x70 /opt/rv32im/lib/gcc/riscv32-unknown-elf/13.2.0/../../../../riscv32-unknown-elf/lib/libc.a(libc_a-lseekr.o)
                0x80005f44                _lseek_r
 .text          0x80005fb4        0x0 /opt/rv32im/lib/gcc/riscv32-unknown-elf/13.2.0/../../../../riscv32-unknown-elf/lib/libc.a(libc_a-readr.o)
 .text._read_r  0x80005fb4       0x70 /opt/rv32im/lib/gcc/riscv32-unknown-elf/13.2.0/../../../../riscv32-unknown-elf/lib/libc.a(libc_a-readr.o)
                0x80005fb4                _read_r
 .text          0x80006024        0x0 /opt/rv32im/lib/gcc/riscv32-unknown-elf/13.2.0/../../../../riscv32-unknown-elf/lib/libc.a(libc_a-writer.o)
 .text._write_r
                0x80006024       0x70 /opt/rv32im/lib/gcc/riscv32-unknown-elf/13.2.0/../../../../riscv32-unknown-elf/lib/libc.a(libc_a-writer.o)
                0x80006024                _write_r
 .text          0x80006094       0xdc /opt/rv32im/lib/gcc/riscv32-unknown-elf/13.2.0/../../../../riscv32-unknown-elf/lib/libc.a(libc_a-memset.o)
                0x80006094                memset
 .text          0x80006170        0x0 /opt/rv32im/lib/gcc/riscv32-unknown-elf/13.2.0/../../../../riscv32-unknown-elf/lib/libc.a(libc_a-freer.o)
 .text._malloc_trim_r
                0x80006170      0x15c /opt/rv32im/lib/gcc/riscv32-unknown-elf/13.2.0/../../../../riscv32-unknown-elf/lib/libc.a(libc_a-freer.o)
                0x80006170                _malloc_trim_r
 .text._free_r  0x800062cc      0x31c /opt/rv32im/lib/gcc/riscv32-unknown-elf/13.2.0/../../../../riscv32-unknown-elf/lib/libc.a(libc_a-freer.o)
                0x800062cc                _free_r
 .text          0x800065e8        0x0 /opt/rv32im/lib/gcc/riscv32-unknown-elf/13.2.0/../../../../riscv32-unknown-elf/lib/libc.a(libc_a-mallocr.o)
 .text._malloc_r
                0x800065e8      0x808 /opt/rv32im/lib/gcc/riscv32-unknown-elf/13.2.0/../../../../riscv32-unknown-elf/lib/libc.a(libc_a-mallocr.o)
                0x800065e8                _malloc_r
 .text          0x80006df0        0x0 /opt/rv32im/lib/gcc/riscv32-unknown-elf/13.2.0/../../../../riscv32-unknown-elf/lib/libc.a(libc_a-mlock.o)
 .text.__malloc_lock
                0x80006df0        0x4 /opt/rv32im/lib/gcc/riscv32-unknown-elf/13.2.0/../../../../riscv32-unknown-elf/lib/libc.a(libc_a-mlock.o)
                0x80006df0                __malloc_lock
 .text.__malloc_unlock
                0x80006df4        0x4 /opt/rv32im/lib/gcc/riscv32-unknown-elf/13.2.0/../../../../riscv32-unknown-elf/lib/libc.a(libc_a-mlock.o)
                0x80006df4                __malloc_unlock
 .text          0x80006df8        0x0 /opt/rv32im/lib/gcc/riscv32-unknown-elf/13.2.0/../../../../riscv32-unknown-elf/lib/libc.a(libc_a-fclose.o)
 .text._fclose_r
                0x80006df8      0x124 /opt/rv32im/lib/gcc/riscv32-unknown-elf/13.2.0/../../../../riscv32-unknown-elf/lib/libc.a(libc_a-fclose.o)
                0x80006df8                _fclose_r
 .text.fclose   0x80006f1c       0x14 /opt/rv32im/lib/gcc/riscv32-unknown-elf/13.2.0/../../../../riscv32-unknown-elf/lib/libc.a(libc_a-fclose.o)
                0x80006f1c                fclose
 .text          0x80006f30        0x0 /opt/rv32im/lib/gcc/riscv32-unknown-elf/13.2.0/../../../../riscv32-unknown-elf/lib/libc.a(libc_a-fflush.o)
 .text.__sflush_r
                0x80006f30      0x250 /opt/rv32im/lib/gcc/riscv32-unknown-elf/13.2.0/../../../../riscv32-unknown-elf/lib/libc.a(libc_a-fflush.o)
                0x80006f30                __sflush_r
 .text._fflush_r
                0x80007180       0x64 /opt/rv32im/lib/gcc/riscv32-unknown-elf/13.2.0/../../../../riscv32-unknown-elf/lib/libc.a(libc_a-fflush.o)
                0x80007180                _fflush_r
 .text.fflush   0x800071e4       0x9c /opt/rv32im/lib/gcc/riscv32-unknown-elf/13.2.0/../../../../riscv32-unknown-elf/lib/libc.a(libc_a-fflush.o)
                0x800071e4                fflush
 .text          0x80007280        0x0 /opt/rv32im/lib/gcc/riscv32-unknown-elf/13.2.0/../../../../riscv32-unknown-elf/lib/libc.a(libc_a-sbrkr.o)
 .text._sbrk_r  0x80007280       0x64 /opt/rv32im/lib/gcc/riscv32-unknown-elf/13.2.0/../../../../riscv32-unknown-elf/lib/libc.a(libc_a-sbrkr.o)
                0x80007280                _sbrk_r
 .text          0x800072e4        0x0 /opt/rv32im/lib/gcc/riscv32-unknown-elf/13.2.0/../../../../riscv32-unknown-elf/lib/libgloss.a(riscv_libgloss_a-sys_close.o)
 .text._close   0x800072e4       0x48 /opt/rv32im/lib/gcc/riscv32-unknown-elf/13.2.0/../../../../riscv32-unknown-elf/lib/libgloss.a(riscv_libgloss_a-sys_close.o)
                0x800072e4                _close
 .text          0x8000732c        0x0 /opt/rv32im/lib/gcc/riscv32-unknown-elf/13.2.0/../../../../riscv32-unknown-elf/lib/libgloss.a(riscv_libgloss_a-sys_lseek.o)
 .text._lseek   0x8000732c       0x48 /opt/rv32im/lib/gcc/riscv32-unknown-elf/13.2.0/../../../../riscv32-unknown-elf/lib/libgloss.a(riscv_libgloss_a-sys_lseek.o)
                0x8000732c                _lseek
 .text          0x80007374        0x0 /opt/rv32im/lib/gcc/riscv32-unknown-elf/13.2.0/../../../../riscv32-unknown-elf/lib/libgloss.a(riscv_libgloss_a-sys_read.o)
 .text._read    0x80007374       0x48 /opt/rv32im/lib/gcc/riscv32-unknown-elf/13.2.0/../../../../riscv32-unknown-elf/lib/libgloss.a(riscv_libgloss_a-sys_read.o)
                0x80007374                _read
 .text          0x800073bc        0x0 /opt/rv32im/lib/gcc/riscv32-unknown-elf/13.2.0/../../../../riscv32-unknown-elf/lib/libgloss.a(riscv_libgloss_a-sys_sbrk.o)
 .text._sbrk    0x800073bc       0x80 /opt/rv32im/lib/gcc/riscv32-unknown-elf/13.2.0/../../../../riscv32-unknown-elf/lib/libgloss.a(riscv_libgloss_a-sys_sbrk.o)
                0x800073bc                _sbrk
 .text          0x8000743c        0x0 /opt/rv32im/lib/gcc/riscv32-unknown-elf/13.2.0/../../../../riscv32-unknown-elf/lib/libgloss.a(riscv_libgloss_a-sys_write.o)
 .text._write   0x8000743c       0x48 /opt/rv32im/lib/gcc/riscv32-unknown-elf/13.2.0/../../../../riscv32-unknown-elf/lib/libgloss.a(riscv_libgloss_a-sys_write.o)
                0x8000743c                _write
 .text          0x80007484        0x0 /opt/rv32im/lib/gcc/riscv32-unknown-elf/13.2.0/../../../../riscv32-unknown-elf/lib/libc.a(libc_a-errno.o)
 .text.__errno  0x80007484        0xc /opt/rv32im/lib/gcc/riscv32-unknown-elf/13.2.0/../../../../riscv32-unknown-elf/lib/libc.a(libc_a-errno.o)
                0x80007484                __errno
 *crtbegin.o(.ctors)
 *crtbegin?.o(.ctors)
 *(EXCLUDE_FILE(*crtend.o *crtend?.o) .ctors)
 *(SORT_BY_NAME(.ctors.*))
 *(.ctors)
 *crtbegin.o(.dtors)
 *crtbegin?.o(.dtors)
 *(EXCLUDE_FILE(*crtend.o *crtend?.o) .dtors)
 *(SORT_BY_NAME(.dtors.*))
 *(.dtors)
                0x80007490                        __text_end = .

.rodata         0x40000000      0x49c
                0x40000000                        . = ALIGN (0x4)
 *(.rodata)
 .rodata        0x40000000       0x57 main.o
 *fill*         0x40000057        0x1 
 .rodata        0x40000058       0x3c /opt/rv32im/lib/gcc/riscv32-unknown-elf/13.2.0/libgcc.a(divdf3.o)
 .rodata        0x40000094      0x100 /opt/rv32im/lib/gcc/riscv32-unknown-elf/13.2.0/libgcc.a(_clz.o)
                0x40000094                __clz_tab
 *(.rodata*)
 .rodata._ftoa.str1.4
                0x40000194       0x15 tinyduino_lib/tinyduino.a(printf.o)
 *fill*         0x400001a9        0x3 
 .rodata._vsnprintf
                0x400001ac      0x19c tinyduino_lib/tinyduino.a(printf.o)
 .rodata.pow10.0
                0x40000348       0x50 tinyduino_lib/tinyduino.a(printf.o)
 .rodata._ctype_
                0x40000398      0x101 /opt/rv32im/lib/gcc/riscv32-unknown-elf/13.2.0/../../../../riscv32-unknown-elf/lib/libc.a(libc_a-ctype_.o)
                0x40000398                _ctype_
 *(.gnu.linkonce.r.*)
                0x4000049c                        . = ALIGN (0x4)
 *fill*         0x40000499        0x3 

.srodata.cst8   0x400004a0       0x98
 .srodata.cst8  0x400004a0       0x98 tinyduino_lib/tinyduino.a(printf.o)

.rela.dyn       0x40000538        0x0
 .rela.init     0x40000538        0x0 start.o

.data           0x40000538      0x584
                0x40000538                        __data_begin = .
                0x40000d38                        __global_pointer$ = (. + 0x800)
 *(vtable)
 *(.data*)
 .data          0x40000538        0x0 start.o
 .data          0x40000538        0x0 main.o
 .data          0x40000538        0x0 tinyduino_lib/tinyduino.a(init.o)
 .data          0x40000538        0x0 tinyduino_lib/tinyduino.a(printf.o)
 .data          0x40000538        0x0 tinyduino_lib/tinyduino.a(uart.o)
 .data          0x40000538        0x0 tinyduino_lib/tinyduino.a(timer.o)
 .data          0x40000538        0x0 tinyduino_lib/tinyduino.a(prescaler.o)
 .data          0x40000538        0x0 /opt/rv32im/lib/gcc/riscv32-unknown-elf/13.2.0/libgcc.a(_udivdi3.o)
 .data          0x40000538        0x0 /opt/rv32im/lib/gcc/riscv32-unknown-elf/13.2.0/libgcc.a(_umoddi3.o)
 .data          0x40000538        0x0 /opt/rv32im/lib/gcc/riscv32-unknown-elf/13.2.0/libgcc.a(adddf3.o)
 .data          0x40000538        0x0 /opt/rv32im/lib/gcc/riscv32-unknown-elf/13.2.0/libgcc.a(divdf3.o)
 .data          0x40000538        0x0 /opt/rv32im/lib/gcc/riscv32-unknown-elf/13.2.0/libgcc.a(eqdf2.o)
 .data          0x40000538        0x0 /opt/rv32im/lib/gcc/riscv32-unknown-elf/13.2.0/libgcc.a(gedf2.o)
 .data          0x40000538        0x0 /opt/rv32im/lib/gcc/riscv32-unknown-elf/13.2.0/libgcc.a(ledf2.o)
 .data          0x40000538        0x0 /opt/rv32im/lib/gcc/riscv32-unknown-elf/13.2.0/libgcc.a(muldf3.o)
 .data          0x40000538        0x0 /opt/rv32im/lib/gcc/riscv32-unknown-elf/13.2.0/libgcc.a(subdf3.o)
 .data          0x40000538        0x0 /opt/rv32im/lib/gcc/riscv32-unknown-elf/13.2.0/libgcc.a(fixdfsi.o)
 .data          0x40000538        0x0 /opt/rv32im/lib/gcc/riscv32-unknown-elf/13.2.0/libgcc.a(fixunsdfsi.o)
 .data          0x40000538        0x0 /opt/rv32im/lib/gcc/riscv32-unknown-elf/13.2.0/libgcc.a(floatsidf.o)
 .data          0x40000538        0x0 /opt/rv32im/lib/gcc/riscv32-unknown-elf/13.2.0/libgcc.a(floatunsidf.o)
 .data          0x40000538        0x0 /opt/rv32im/lib/gcc/riscv32-unknown-elf/13.2.0/libgcc.a(_clz.o)
 .data          0x40000538        0x0 /opt/rv32im/lib/gcc/riscv32-unknown-elf/13.2.0/libgcc.a(_clzsi2.o)
 .data          0x40000538        0x0 /opt/rv32im/lib/gcc/riscv32-unknown-elf/13.2.0/../../../../riscv32-unknown-elf/lib/libc.a(libc_a-strtoul.o)
 .data          0x40000538        0x0 /opt/rv32im/lib/gcc/riscv32-unknown-elf/13.2.0/../../../../riscv32-unknown-elf/lib/libc.a(libc_a-ctype_.o)
 .data          0x40000538        0x0 /opt/rv32im/lib/gcc/riscv32-unknown-elf/13.2.0/../../../../riscv32-unknown-elf/lib/libc.a(libc_a-strtok.o)
 .data          0x40000538        0x0 /opt/rv32im/lib/gcc/riscv32-unknown-elf/13.2.0/../../../../riscv32-unknown-elf/lib/libc.a(libc_a-strtok_r.o)
 .data          0x40000538        0x0 /opt/rv32im/lib/gcc/riscv32-unknown-elf/13.2.0/../../../../riscv32-unknown-elf/lib/libc.a(libc_a-impure.o)
 .data._impure_data
                0x40000538      0x120 /opt/rv32im/lib/gcc/riscv32-unknown-elf/13.2.0/../../../../riscv32-unknown-elf/lib/libc.a(libc_a-impure.o)
                0x40000538                _impure_data
 .data          0x40000658        0x0 /opt/rv32im/lib/gcc/riscv32-unknown-elf/13.2.0/../../../../riscv32-unknown-elf/lib/libc.a(libc_a-findfp.o)
 .data.__sglue  0x40000658        0xc /opt/rv32im/lib/gcc/riscv32-unknown-elf/13.2.0/../../../../riscv32-unknown-elf/lib/libc.a(libc_a-findfp.o)
                0x40000658                __sglue
 .data          0x40000664        0x0 /opt/rv32im/lib/gcc/riscv32-unknown-elf/13.2.0/../../../../riscv32-unknown-elf/lib/libc.a(libc_a-fwalk.o)
 .data          0x40000664        0x0 /opt/rv32im/lib/gcc/riscv32-unknown-elf/13.2.0/../../../../riscv32-unknown-elf/lib/libc.a(libc_a-stdio.o)
 .data          0x40000664        0x0 /opt/rv32im/lib/gcc/riscv32-unknown-elf/13.2.0/../../../../riscv32-unknown-elf/lib/libc.a(libc_a-closer.o)
 .data          0x40000664        0x0 /opt/rv32im/lib/gcc/riscv32-unknown-elf/13.2.0/../../../../riscv32-unknown-elf/lib/libc.a(libc_a-reent.o)
 .data          0x40000664        0x0 /opt/rv32im/lib/gcc/riscv32-unknown-elf/13.2.0/../../../../riscv32-unknown-elf/lib/libc.a(libc_a-lseekr.o)
 .data          0x40000664        0x0 /opt/rv32im/lib/gcc/riscv32-unknown-elf/13.2.0/../../../../riscv32-unknown-elf/lib/libc.a(libc_a-readr.o)
 .data          0x40000664        0x0 /opt/rv32im/lib/gcc/riscv32-unknown-elf/13.2.0/../../../../riscv32-unknown-elf/lib/libc.a(libc_a-writer.o)
 .data          0x40000664        0x0 /opt/rv32im/lib/gcc/riscv32-unknown-elf/13.2.0/../../../../riscv32-unknown-elf/lib/libc.a(libc_a-memset.o)
 .data          0x40000664        0x0 /opt/rv32im/lib/gcc/riscv32-unknown-elf/13.2.0/../../../../riscv32-unknown-elf/lib/libc.a(libc_a-freer.o)
 .data          0x40000664        0x0 /opt/rv32im/lib/gcc/riscv32-unknown-elf/13.2.0/../../../../riscv32-unknown-elf/lib/libc.a(libc_a-mallocr.o)
 .data.__malloc_av_
                0x40000664      0x408 /opt/rv32im/lib/gcc/riscv32-unknown-elf/13.2.0/../../../../riscv32-unknown-elf/lib/libc.a(libc_a-mallocr.o)
                0x40000664                __malloc_av_
 .data          0x40000a6c        0x0 /opt/rv32im/lib/gcc/riscv32-unknown-elf/13.2.0/../../../../riscv32-unknown-elf/lib/libc.a(libc_a-mlock.o)
 .data          0x40000a6c        0x0 /opt/rv32im/lib/gcc/riscv32-unknown-elf/13.2.0/../../../../riscv32-unknown-elf/lib/libc.a(libc_a-fclose.o)
 .data          0x40000a6c        0x0 /opt/rv32im/lib/gcc/riscv32-unknown-elf/13.2.0/../../../../riscv32-unknown-elf/lib/libc.a(libc_a-fflush.o)
 .data          0x40000a6c        0x0 /opt/rv32im/lib/gcc/riscv32-unknown-elf/13.2.0/../../../../riscv32-unknown-elf/lib/libc.a(libc_a-sbrkr.o)
 .data          0x40000a6c        0x0 /opt/rv32im/lib/gcc/riscv32-unknown-elf/13.2.0/../../../../riscv32-unknown-elf/lib/libgloss.a(riscv_libgloss_a-sys_close.o)
 .data          0x40000a6c        0x0 /opt/rv32im/lib/gcc/riscv32-unknown-elf/13.2.0/../../../../riscv32-unknown-elf/lib/libgloss.a(riscv_libgloss_a-sys_lseek.o)
 .data          0x40000a6c        0x0 /opt/rv32im/lib/gcc/riscv32-unknown-elf/13.2.0/../../../../riscv32-unknown-elf/lib/libgloss.a(riscv_libgloss_a-sys_read.o)
 .data          0x40000a6c        0x0 /opt/rv32im/lib/gcc/riscv32-unknown-elf/13.2.0/../../../../riscv32-unknown-elf/lib/libgloss.a(riscv_libgloss_a-sys_sbrk.o)
 .data          0x40000a6c        0x0 /opt/rv32im/lib/gcc/riscv32-unknown-elf/13.2.0/../../../../riscv32-unknown-elf/lib/libgloss.a(riscv_libgloss_a-sys_write.o)
 .data          0x40000a6c        0x0 /opt/rv32im/lib/gcc/riscv32-unknown-elf/13.2.0/../../../../riscv32-unknown-elf/lib/libc.a(libc_a-errno.o)
 *(.eh_frame*)
 .eh_frame      0x40000a6c       0x28 /opt/rv32im/lib/gcc/riscv32-unknown-elf/13.2.0/libgcc.a(_udivdi3.o)
 .eh_frame      0x40000a94       0x28 /opt/rv32im/lib/gcc/riscv32-unknown-elf/13.2.0/libgcc.a(_umoddi3.o)
 *(.rodata*)
                0x40000abc                        __data_end = ALIGN (0x4)
                0x40000abc                        _edata = .
                0x40000abc                        _end = .

.sdata._impure_ptr
                0x40000abc        0x4
 .sdata._impure_ptr
                0x40000abc        0x4 /opt/rv32im/lib/gcc/riscv32-unknown-elf/13.2.0/../../../../riscv32-unknown-elf/lib/libc.a(libc_a-impure.o)
                0x40000abc                _impure_ptr

.sdata.__malloc_sbrk_base
                0x40000ac0        0x4
 .sdata.__malloc_sbrk_base
                0x40000ac0        0x4 /opt/rv32im/lib/gcc/riscv32-unknown-elf/13.2.0/../../../../riscv32-unknown-elf/lib/libc.a(libc_a-mallocr.o)
                0x40000ac0                __malloc_sbrk_base

.sdata.__malloc_trim_threshold
                0x40000ac4        0x4
 .sdata.__malloc_trim_threshold
                0x40000ac4        0x4 /opt/rv32im/lib/gcc/riscv32-unknown-elf/13.2.0/../../../../riscv32-unknown-elf/lib/libc.a(libc_a-mallocr.o)
                0x40000ac4                __malloc_trim_threshold

.bss            0x40000ac8      0x170
                0x40000ac8                        __bss_begin = .
 *(.bss*)
 .bss           0x40000ac8        0x0 start.o
 .bss           0x40000ac8        0x0 main.o
 .bss           0x40000ac8        0x0 tinyduino_lib/tinyduino.a(init.o)
 .bss.timerCallback
                0x40000ac8       0x10 tinyduino_lib/tinyduino.a(init.o)
                0x40000ac8                timerCallback
 .bss           0x40000ad8        0x0 tinyduino_lib/tinyduino.a(printf.o)
 .bss           0x40000ad8        0x0 tinyduino_lib/tinyduino.a(uart.o)
 .bss           0x40000ad8        0x0 tinyduino_lib/tinyduino.a(timer.o)
 .bss           0x40000ad8        0x0 tinyduino_lib/tinyduino.a(prescaler.o)
 .bss           0x40000ad8        0x0 /opt/rv32im/lib/gcc/riscv32-unknown-elf/13.2.0/libgcc.a(_udivdi3.o)
 .bss           0x40000ad8        0x0 /opt/rv32im/lib/gcc/riscv32-unknown-elf/13.2.0/libgcc.a(_umoddi3.o)
 .bss           0x40000ad8        0x0 /opt/rv32im/lib/gcc/riscv32-unknown-elf/13.2.0/libgcc.a(adddf3.o)
 .bss           0x40000ad8        0x0 /opt/rv32im/lib/gcc/riscv32-unknown-elf/13.2.0/libgcc.a(divdf3.o)
 .bss           0x40000ad8        0x0 /opt/rv32im/lib/gcc/riscv32-unknown-elf/13.2.0/libgcc.a(eqdf2.o)
 .bss           0x40000ad8        0x0 /opt/rv32im/lib/gcc/riscv32-unknown-elf/13.2.0/libgcc.a(gedf2.o)
 .bss           0x40000ad8        0x0 /opt/rv32im/lib/gcc/riscv32-unknown-elf/13.2.0/libgcc.a(ledf2.o)
 .bss           0x40000ad8        0x0 /opt/rv32im/lib/gcc/riscv32-unknown-elf/13.2.0/libgcc.a(muldf3.o)
 .bss           0x40000ad8        0x0 /opt/rv32im/lib/gcc/riscv32-unknown-elf/13.2.0/libgcc.a(subdf3.o)
 .bss           0x40000ad8        0x0 /opt/rv32im/lib/gcc/riscv32-unknown-elf/13.2.0/libgcc.a(fixdfsi.o)
 .bss           0x40000ad8        0x0 /opt/rv32im/lib/gcc/riscv32-unknown-elf/13.2.0/libgcc.a(fixunsdfsi.o)
 .bss           0x40000ad8        0x0 /opt/rv32im/lib/gcc/riscv32-unknown-elf/13.2.0/libgcc.a(floatsidf.o)
 .bss           0x40000ad8        0x0 /opt/rv32im/lib/gcc/riscv32-unknown-elf/13.2.0/libgcc.a(floatunsidf.o)
 .bss           0x40000ad8        0x0 /opt/rv32im/lib/gcc/riscv32-unknown-elf/13.2.0/libgcc.a(_clz.o)
 .bss           0x40000ad8        0x0 /opt/rv32im/lib/gcc/riscv32-unknown-elf/13.2.0/libgcc.a(_clzsi2.o)
 .bss           0x40000ad8        0x0 /opt/rv32im/lib/gcc/riscv32-unknown-elf/13.2.0/../../../../riscv32-unknown-elf/lib/libc.a(libc_a-strtoul.o)
 .bss           0x40000ad8        0x0 /opt/rv32im/lib/gcc/riscv32-unknown-elf/13.2.0/../../../../riscv32-unknown-elf/lib/libc.a(libc_a-ctype_.o)
 .bss           0x40000ad8        0x0 /opt/rv32im/lib/gcc/riscv32-unknown-elf/13.2.0/../../../../riscv32-unknown-elf/lib/libc.a(libc_a-strtok.o)
 .bss           0x40000ad8        0x0 /opt/rv32im/lib/gcc/riscv32-unknown-elf/13.2.0/../../../../riscv32-unknown-elf/lib/libc.a(libc_a-strtok_r.o)
 .bss           0x40000ad8        0x0 /opt/rv32im/lib/gcc/riscv32-unknown-elf/13.2.0/../../../../riscv32-unknown-elf/lib/libc.a(libc_a-impure.o)
 .bss           0x40000ad8        0x0 /opt/rv32im/lib/gcc/riscv32-unknown-elf/13.2.0/../../../../riscv32-unknown-elf/lib/libc.a(libc_a-findfp.o)
 .bss.__sf      0x40000ad8      0x138 /opt/rv32im/lib/gcc/riscv32-unknown-elf/13.2.0/../../../../riscv32-unknown-elf/lib/libc.a(libc_a-findfp.o)
                0x40000ad8                __sf
 .bss           0x40000c10        0x0 /opt/rv32im/lib/gcc/riscv32-unknown-elf/13.2.0/../../../../riscv32-unknown-elf/lib/libc.a(libc_a-fwalk.o)
 .bss           0x40000c10        0x0 /opt/rv32im/lib/gcc/riscv32-unknown-elf/13.2.0/../../../../riscv32-unknown-elf/lib/libc.a(libc_a-stdio.o)
 .bss           0x40000c10        0x0 /opt/rv32im/lib/gcc/riscv32-unknown-elf/13.2.0/../../../../riscv32-unknown-elf/lib/libc.a(libc_a-closer.o)
 .bss           0x40000c10        0x0 /opt/rv32im/lib/gcc/riscv32-unknown-elf/13.2.0/../../../../riscv32-unknown-elf/lib/libc.a(libc_a-reent.o)
 .bss           0x40000c10        0x0 /opt/rv32im/lib/gcc/riscv32-unknown-elf/13.2.0/../../../../riscv32-unknown-elf/lib/libc.a(libc_a-lseekr.o)
 .bss           0x40000c10        0x0 /opt/rv32im/lib/gcc/riscv32-unknown-elf/13.2.0/../../../../riscv32-unknown-elf/lib/libc.a(libc_a-readr.o)
 .bss           0x40000c10        0x0 /opt/rv32im/lib/gcc/riscv32-unknown-elf/13.2.0/../../../../riscv32-unknown-elf/lib/libc.a(libc_a-writer.o)
 .bss           0x40000c10        0x0 /opt/rv32im/lib/gcc/riscv32-unknown-elf/13.2.0/../../../../riscv32-unknown-elf/lib/libc.a(libc_a-memset.o)
 .bss           0x40000c10        0x0 /opt/rv32im/lib/gcc/riscv32-unknown-elf/13.2.0/../../../../riscv32-unknown-elf/lib/libc.a(libc_a-freer.o)
 .bss           0x40000c10        0x0 /opt/rv32im/lib/gcc/riscv32-unknown-elf/13.2.0/../../../../riscv32-unknown-elf/lib/libc.a(libc_a-mallocr.o)
 .bss.__malloc_current_mallinfo
                0x40000c10       0x28 /opt/rv32im/lib/gcc/riscv32-unknown-elf/13.2.0/../../../../riscv32-unknown-elf/lib/libc.a(libc_a-mallocr.o)
                0x40000c10                __malloc_current_mallinfo
 .bss           0x40000c38        0x0 /opt/rv32im/lib/gcc/riscv32-unknown-elf/13.2.0/../../../../riscv32-unknown-elf/lib/libc.a(libc_a-mlock.o)
 .bss           0x40000c38        0x0 /opt/rv32im/lib/gcc/riscv32-unknown-elf/13.2.0/../../../../riscv32-unknown-elf/lib/libc.a(libc_a-fclose.o)
 .bss           0x40000c38        0x0 /opt/rv32im/lib/gcc/riscv32-unknown-elf/13.2.0/../../../../riscv32-unknown-elf/lib/libc.a(libc_a-fflush.o)
 .bss           0x40000c38        0x0 /opt/rv32im/lib/gcc/riscv32-unknown-elf/13.2.0/../../../../riscv32-unknown-elf/lib/libc.a(libc_a-sbrkr.o)
 .bss           0x40000c38        0x0 /opt/rv32im/lib/gcc/riscv32-unknown-elf/13.2.0/../../../../riscv32-unknown-elf/lib/libgloss.a(riscv_libgloss_a-sys_close.o)
 .bss           0x40000c38        0x0 /opt/rv32im/lib/gcc/riscv32-unknown-elf/13.2.0/../../../../riscv32-unknown-elf/lib/libgloss.a(riscv_libgloss_a-sys_lseek.o)
 .bss           0x40000c38        0x0 /opt/rv32im/lib/gcc/riscv32-unknown-elf/13.2.0/../../../../riscv32-unknown-elf/lib/libgloss.a(riscv_libgloss_a-sys_read.o)
 .bss           0x40000c38        0x0 /opt/rv32im/lib/gcc/riscv32-unknown-elf/13.2.0/../../../../riscv32-unknown-elf/lib/libgloss.a(riscv_libgloss_a-sys_sbrk.o)
 .bss           0x40000c38        0x0 /opt/rv32im/lib/gcc/riscv32-unknown-elf/13.2.0/../../../../riscv32-unknown-elf/lib/libgloss.a(riscv_libgloss_a-sys_write.o)
 .bss           0x40000c38        0x0 /opt/rv32im/lib/gcc/riscv32-unknown-elf/13.2.0/../../../../riscv32-unknown-elf/lib/libc.a(libc_a-errno.o)
 *(.sbss)
                0x40000c38                        __bss_end = ALIGN (0x4)

.sbss.uartCallback
                0x40000c38        0x4
 .sbss.uartCallback
                0x40000c38        0x4 tinyduino_lib/tinyduino.a(init.o)
                0x40000c38                uartCallback

.sbss.externalCallback
                0x40000c3c        0x4
 .sbss.externalCallback
                0x40000c3c        0x4 tinyduino_lib/tinyduino.a(init.o)
                0x40000c3c                externalCallback

.sbss.__stdio_exit_handler
                0x40000c40        0x4
 .sbss.__stdio_exit_handler
                0x40000c40        0x4 /opt/rv32im/lib/gcc/riscv32-unknown-elf/13.2.0/../../../../riscv32-unknown-elf/lib/libc.a(libc_a-findfp.o)
                0x40000c40                __stdio_exit_handler

.sbss.errno     0x40000c44        0x4
 .sbss.errno    0x40000c44        0x4 /opt/rv32im/lib/gcc/riscv32-unknown-elf/13.2.0/../../../../riscv32-unknown-elf/lib/libc.a(libc_a-reent.o)
                0x40000c44                errno

.sbss.__malloc_max_total_mem
                0x40000c48        0x4
 .sbss.__malloc_max_total_mem
                0x40000c48        0x4 /opt/rv32im/lib/gcc/riscv32-unknown-elf/13.2.0/../../../../riscv32-unknown-elf/lib/libc.a(libc_a-mallocr.o)
                0x40000c48                __malloc_max_total_mem

.sbss.__malloc_max_sbrked_mem
                0x40000c4c        0x4
 .sbss.__malloc_max_sbrked_mem
                0x40000c4c        0x4 /opt/rv32im/lib/gcc/riscv32-unknown-elf/13.2.0/../../../../riscv32-unknown-elf/lib/libc.a(libc_a-mallocr.o)
                0x40000c4c                __malloc_max_sbrked_mem

.sbss.__malloc_top_pad
                0x40000c50        0x4
 .sbss.__malloc_top_pad
                0x40000c50        0x4 /opt/rv32im/lib/gcc/riscv32-unknown-elf/13.2.0/../../../../riscv32-unknown-elf/lib/libc.a(libc_a-mallocr.o)
                0x40000c50                __malloc_top_pad

.sbss.heap_end.0
                0x40000c54        0x4
 .sbss.heap_end.0
                0x40000c54        0x4 /opt/rv32im/lib/gcc/riscv32-unknown-elf/13.2.0/../../../../riscv32-unknown-elf/lib/libgloss.a(riscv_libgloss_a-sys_sbrk.o)

.heap           0x80007490        0x0
                0x80007490                        __end__ = .
                0x80007490                        end = __end__
 *(.heap*)
                0x80007490                        __HeapLimit = .
                0x8002c000                        __stack_top = (ORIGIN (BRAM) + LENGTH (BRAM))

/DISCARD/
 *(.comment)
OUTPUT(bootloader.elf elf32-littleriscv)

.riscv.attributes
                0x00000000       0x37
 .riscv.attributes
                0x00000000       0x35 start.o
 .riscv.attributes
                0x00000035       0x33 main.o
 .riscv.attributes
                0x00000068       0x37 tinyduino_lib/tinyduino.a(init.o)
 .riscv.attributes
                0x0000009f       0x33 tinyduino_lib/tinyduino.a(printf.o)
 .riscv.attributes
                0x000000d2       0x33 tinyduino_lib/tinyduino.a(uart.o)
 .riscv.attributes
                0x00000105       0x33 tinyduino_lib/tinyduino.a(timer.o)
 .riscv.attributes
                0x00000138       0x33 tinyduino_lib/tinyduino.a(prescaler.o)
 .riscv.attributes
                0x0000016b       0x2a /opt/rv32im/lib/gcc/riscv32-unknown-elf/13.2.0/libgcc.a(_udivdi3.o)
 .riscv.attributes
                0x00000195       0x2a /opt/rv32im/lib/gcc/riscv32-unknown-elf/13.2.0/libgcc.a(_umoddi3.o)
 .riscv.attributes
                0x000001bf       0x2a /opt/rv32im/lib/gcc/riscv32-unknown-elf/13.2.0/libgcc.a(adddf3.o)
 .riscv.attributes
                0x000001e9       0x2a /opt/rv32im/lib/gcc/riscv32-unknown-elf/13.2.0/libgcc.a(divdf3.o)
 .riscv.attributes
                0x00000213       0x2a /opt/rv32im/lib/gcc/riscv32-unknown-elf/13.2.0/libgcc.a(eqdf2.o)
 .riscv.attributes
                0x0000023d       0x2a /opt/rv32im/lib/gcc/riscv32-unknown-elf/13.2.0/libgcc.a(gedf2.o)
 .riscv.attributes
                0x00000267       0x2a /opt/rv32im/lib/gcc/riscv32-unknown-elf/13.2.0/libgcc.a(ledf2.o)
 .riscv.attributes
                0x00000291       0x2a /opt/rv32im/lib/gcc/riscv32-unknown-elf/13.2.0/libgcc.a(muldf3.o)
 .riscv.attributes
                0x000002bb       0x2a /opt/rv32im/lib/gcc/riscv32-unknown-elf/13.2.0/libgcc.a(subdf3.o)
 .riscv.attributes
                0x000002e5       0x2a /opt/rv32im/lib/gcc/riscv32-unknown-elf/13.2.0/libgcc.a(fixdfsi.o)
 .riscv.attributes
                0x0000030f       0x2a /opt/rv32im/lib/gcc/riscv32-unknown-elf/13.2.0/libgcc.a(fixunsdfsi.o)
 .riscv.attributes
                0x00000339       0x2a /opt/rv32im/lib/gcc/riscv32-unknown-elf/13.2.0/libgcc.a(floatsidf.o)
 .riscv.attributes
                0x00000363       0x2a /opt/rv32im/lib/gcc/riscv32-unknown-elf/13.2.0/libgcc.a(floatunsidf.o)
 .riscv.attributes
                0x0000038d       0x2a /opt/rv32im/lib/gcc/riscv32-unknown-elf/13.2.0/libgcc.a(_clz.o)
 .riscv.attributes
                0x000003b7       0x2a /opt/rv32im/lib/gcc/riscv32-unknown-elf/13.2.0/libgcc.a(_clzsi2.o)
 .riscv.attributes
                0x000003e1       0x2a /opt/rv32im/lib/gcc/riscv32-unknown-elf/13.2.0/../../../../riscv32-unknown-elf/lib/libc.a(libc_a-strtoul.o)
 .riscv.attributes
                0x0000040b       0x2a /opt/rv32im/lib/gcc/riscv32-unknown-elf/13.2.0/../../../../riscv32-unknown-elf/lib/libc.a(libc_a-ctype_.o)
 .riscv.attributes
                0x00000435       0x2a /opt/rv32im/lib/gcc/riscv32-unknown-elf/13.2.0/../../../../riscv32-unknown-elf/lib/libc.a(libc_a-strtok.o)
 .riscv.attributes
                0x0000045f       0x2a /opt/rv32im/lib/gcc/riscv32-unknown-elf/13.2.0/../../../../riscv32-unknown-elf/lib/libc.a(libc_a-strtok_r.o)
 .riscv.attributes
                0x00000489       0x2a /opt/rv32im/lib/gcc/riscv32-unknown-elf/13.2.0/../../../../riscv32-unknown-elf/lib/libc.a(libc_a-impure.o)
 .riscv.attributes
                0x000004b3       0x2a /opt/rv32im/lib/gcc/riscv32-unknown-elf/13.2.0/../../../../riscv32-unknown-elf/lib/libc.a(libc_a-findfp.o)
 .riscv.attributes
                0x000004dd       0x2a /opt/rv32im/lib/gcc/riscv32-unknown-elf/13.2.0/../../../../riscv32-unknown-elf/lib/libc.a(libc_a-fwalk.o)
 .riscv.attributes
                0x00000507       0x2a /opt/rv32im/lib/gcc/riscv32-unknown-elf/13.2.0/../../../../riscv32-unknown-elf/lib/libc.a(libc_a-stdio.o)
 .riscv.attributes
                0x00000531       0x2a /opt/rv32im/lib/gcc/riscv32-unknown-elf/13.2.0/../../../../riscv32-unknown-elf/lib/libc.a(libc_a-closer.o)
 .riscv.attributes
                0x0000055b       0x2a /opt/rv32im/lib/gcc/riscv32-unknown-elf/13.2.0/../../../../riscv32-unknown-elf/lib/libc.a(libc_a-reent.o)
 .riscv.attributes
                0x00000585       0x2a /opt/rv32im/lib/gcc/riscv32-unknown-elf/13.2.0/../../../../riscv32-unknown-elf/lib/libc.a(libc_a-lseekr.o)
 .riscv.attributes
                0x000005af       0x2a /opt/rv32im/lib/gcc/riscv32-unknown-elf/13.2.0/../../../../riscv32-unknown-elf/lib/libc.a(libc_a-readr.o)
 .riscv.attributes
                0x000005d9       0x2a /opt/rv32im/lib/gcc/riscv32-unknown-elf/13.2.0/../../../../riscv32-unknown-elf/lib/libc.a(libc_a-writer.o)
 .riscv.attributes
                0x00000603       0x28 /opt/rv32im/lib/gcc/riscv32-unknown-elf/13.2.0/../../../../riscv32-unknown-elf/lib/libc.a(libc_a-memset.o)
 .riscv.attributes
                0x0000062b       0x2a /opt/rv32im/lib/gcc/riscv32-unknown-elf/13.2.0/../../../../riscv32-unknown-elf/lib/libc.a(libc_a-freer.o)
 .riscv.attributes
                0x00000655       0x2a /opt/rv32im/lib/gcc/riscv32-unknown-elf/13.2.0/../../../../riscv32-unknown-elf/lib/libc.a(libc_a-mallocr.o)
 .riscv.attributes
                0x0000067f       0x2a /opt/rv32im/lib/gcc/riscv32-unknown-elf/13.2.0/../../../../riscv32-unknown-elf/lib/libc.a(libc_a-mlock.o)
 .riscv.attributes
                0x000006a9       0x2a /opt/rv32im/lib/gcc/riscv32-unknown-elf/13.2.0/../../../../riscv32-unknown-elf/lib/libc.a(libc_a-fclose.o)
 .riscv.attributes
                0x000006d3       0x2a /opt/rv32im/lib/gcc/riscv32-unknown-elf/13.2.0/../../../../riscv32-unknown-elf/lib/libc.a(libc_a-fflush.o)
 .riscv.attributes
                0x000006fd       0x2a /opt/rv32im/lib/gcc/riscv32-unknown-elf/13.2.0/../../../../riscv32-unknown-elf/lib/libc.a(libc_a-sbrkr.o)
 .riscv.attributes
                0x00000727       0x2a /opt/rv32im/lib/gcc/riscv32-unknown-elf/13.2.0/../../../../riscv32-unknown-elf/lib/libgloss.a(riscv_libgloss_a-sys_close.o)
 .riscv.attributes
                0x00000751       0x2a /opt/rv32im/lib/gcc/riscv32-unknown-elf/13.2.0/../../../../riscv32-unknown-elf/lib/libgloss.a(riscv_libgloss_a-sys_lseek.o)
 .riscv.attributes
                0x0000077b       0x2a /opt/rv32im/lib/gcc/riscv32-unknown-elf/13.2.0/../../../../riscv32-unknown-elf/lib/libgloss.a(riscv_libgloss_a-sys_read.o)
 .riscv.attributes
                0x000007a5       0x2a /opt/rv32im/lib/gcc/riscv32-unknown-elf/13.2.0/../../../../riscv32-unknown-elf/lib/libgloss.a(riscv_libgloss_a-sys_sbrk.o)
 .riscv.attributes
                0x000007cf       0x2a /opt/rv32im/lib/gcc/riscv32-unknown-elf/13.2.0/../../../../riscv32-unknown-elf/lib/libgloss.a(riscv_libgloss_a-sys_write.o)
 .riscv.attributes
                0x000007f9       0x2a /opt/rv32im/lib/gcc/riscv32-unknown-elf/13.2.0/../../../../riscv32-unknown-elf/lib/libc.a(libc_a-errno.o)

.debug_info     0x00000000     0x372f
 .debug_info    0x00000000      0x76f /opt/rv32im/lib/gcc/riscv32-unknown-elf/13.2.0/libgcc.a(_udivdi3.o)
 .debug_info    0x0000076f      0x7c2 /opt/rv32im/lib/gcc/riscv32-unknown-elf/13.2.0/libgcc.a(_umoddi3.o)
 .debug_info    0x00000f31      0x501 /opt/rv32im/lib/gcc/riscv32-unknown-elf/13.2.0/libgcc.a(adddf3.o)
 .debug_info    0x00001432      0x67b /opt/rv32im/lib/gcc/riscv32-unknown-elf/13.2.0/libgcc.a(divdf3.o)
 .debug_info    0x00001aad      0x221 /opt/rv32im/lib/gcc/riscv32-unknown-elf/13.2.0/libgcc.a(eqdf2.o)
 .debug_info    0x00001cce      0x225 /opt/rv32im/lib/gcc/riscv32-unknown-elf/13.2.0/libgcc.a(gedf2.o)
 .debug_info    0x00001ef3      0x225 /opt/rv32im/lib/gcc/riscv32-unknown-elf/13.2.0/libgcc.a(ledf2.o)
 .debug_info    0x00002118      0x6a4 /opt/rv32im/lib/gcc/riscv32-unknown-elf/13.2.0/libgcc.a(muldf3.o)
 .debug_info    0x000027bc      0x501 /opt/rv32im/lib/gcc/riscv32-unknown-elf/13.2.0/libgcc.a(subdf3.o)
 .debug_info    0x00002cbd      0x1ca /opt/rv32im/lib/gcc/riscv32-unknown-elf/13.2.0/libgcc.a(fixdfsi.o)
 .debug_info    0x00002e87      0x1ad /opt/rv32im/lib/gcc/riscv32-unknown-elf/13.2.0/libgcc.a(fixunsdfsi.o)
 .debug_info    0x00003034      0x268 /opt/rv32im/lib/gcc/riscv32-unknown-elf/13.2.0/libgcc.a(floatsidf.o)
 .debug_info    0x0000329c      0x25d /opt/rv32im/lib/gcc/riscv32-unknown-elf/13.2.0/libgcc.a(floatunsidf.o)
 .debug_info    0x000034f9       0xe6 /opt/rv32im/lib/gcc/riscv32-unknown-elf/13.2.0/libgcc.a(_clz.o)
 .debug_info    0x000035df      0x150 /opt/rv32im/lib/gcc/riscv32-unknown-elf/13.2.0/libgcc.a(_clzsi2.o)

.debug_abbrev   0x00000000     0x1413
 .debug_abbrev  0x00000000      0x1a6 /opt/rv32im/lib/gcc/riscv32-unknown-elf/13.2.0/libgcc.a(_udivdi3.o)
 .debug_abbrev  0x000001a6      0x1aa /opt/rv32im/lib/gcc/riscv32-unknown-elf/13.2.0/libgcc.a(_umoddi3.o)
 .debug_abbrev  0x00000350      0x176 /opt/rv32im/lib/gcc/riscv32-unknown-elf/13.2.0/libgcc.a(adddf3.o)
 .debug_abbrev  0x000004c6      0x173 /opt/rv32im/lib/gcc/riscv32-unknown-elf/13.2.0/libgcc.a(divdf3.o)
 .debug_abbrev  0x00000639      0x153 /opt/rv32im/lib/gcc/riscv32-unknown-elf/13.2.0/libgcc.a(eqdf2.o)
 .debug_abbrev  0x0000078c      0x166 /opt/rv32im/lib/gcc/riscv32-unknown-elf/13.2.0/libgcc.a(gedf2.o)
 .debug_abbrev  0x000008f2      0x166 /opt/rv32im/lib/gcc/riscv32-unknown-elf/13.2.0/libgcc.a(ledf2.o)
 .debug_abbrev  0x00000a58      0x185 /opt/rv32im/lib/gcc/riscv32-unknown-elf/13.2.0/libgcc.a(muldf3.o)
 .debug_abbrev  0x00000bdd      0x176 /opt/rv32im/lib/gcc/riscv32-unknown-elf/13.2.0/libgcc.a(subdf3.o)
 .debug_abbrev  0x00000d53      0x15d /opt/rv32im/lib/gcc/riscv32-unknown-elf/13.2.0/libgcc.a(fixdfsi.o)
 .debug_abbrev  0x00000eb0      0x162 /opt/rv32im/lib/gcc/riscv32-unknown-elf/13.2.0/libgcc.a(fixunsdfsi.o)
 .debug_abbrev  0x00001012      0x164 /opt/rv32im/lib/gcc/riscv32-unknown-elf/13.2.0/libgcc.a(floatsidf.o)
 .debug_abbrev  0x00001176      0x163 /opt/rv32im/lib/gcc/riscv32-unknown-elf/13.2.0/libgcc.a(floatunsidf.o)
 .debug_abbrev  0x000012d9       0x70 /opt/rv32im/lib/gcc/riscv32-unknown-elf/13.2.0/libgcc.a(_clz.o)
 .debug_abbrev  0x00001349       0xca /opt/rv32im/lib/gcc/riscv32-unknown-elf/13.2.0/libgcc.a(_clzsi2.o)

.debug_loclists
                0x00000000     0x3ea2
 .debug_loclists
                0x00000000      0x704 /opt/rv32im/lib/gcc/riscv32-unknown-elf/13.2.0/libgcc.a(_udivdi3.o)
 .debug_loclists
                0x00000704      0x586 /opt/rv32im/lib/gcc/riscv32-unknown-elf/13.2.0/libgcc.a(_umoddi3.o)
 .debug_loclists
                0x00000c8a      0xabf /opt/rv32im/lib/gcc/riscv32-unknown-elf/13.2.0/libgcc.a(adddf3.o)
 .debug_loclists
                0x00001749      0xf50 /opt/rv32im/lib/gcc/riscv32-unknown-elf/13.2.0/libgcc.a(divdf3.o)
 .debug_loclists
                0x00002699       0x6f /opt/rv32im/lib/gcc/riscv32-unknown-elf/13.2.0/libgcc.a(eqdf2.o)
 .debug_loclists
                0x00002708       0xdc /opt/rv32im/lib/gcc/riscv32-unknown-elf/13.2.0/libgcc.a(gedf2.o)
 .debug_loclists
                0x000027e4       0xdc /opt/rv32im/lib/gcc/riscv32-unknown-elf/13.2.0/libgcc.a(ledf2.o)
 .debug_loclists
                0x000028c0      0x7f5 /opt/rv32im/lib/gcc/riscv32-unknown-elf/13.2.0/libgcc.a(muldf3.o)
 .debug_loclists
                0x000030b5      0xac4 /opt/rv32im/lib/gcc/riscv32-unknown-elf/13.2.0/libgcc.a(subdf3.o)
 .debug_loclists
                0x00003b79       0xcf /opt/rv32im/lib/gcc/riscv32-unknown-elf/13.2.0/libgcc.a(fixdfsi.o)
 .debug_loclists
                0x00003c48       0x90 /opt/rv32im/lib/gcc/riscv32-unknown-elf/13.2.0/libgcc.a(fixunsdfsi.o)
 .debug_loclists
                0x00003cd8       0xd2 /opt/rv32im/lib/gcc/riscv32-unknown-elf/13.2.0/libgcc.a(floatsidf.o)
 .debug_loclists
                0x00003daa       0xb4 /opt/rv32im/lib/gcc/riscv32-unknown-elf/13.2.0/libgcc.a(floatunsidf.o)
 .debug_loclists
                0x00003e5e       0x44 /opt/rv32im/lib/gcc/riscv32-unknown-elf/13.2.0/libgcc.a(_clzsi2.o)

.debug_aranges  0x00000000      0x1d8
 .debug_aranges
                0x00000000       0x20 /opt/rv32im/lib/gcc/riscv32-unknown-elf/13.2.0/libgcc.a(_udivdi3.o)
 .debug_aranges
                0x00000020       0x20 /opt/rv32im/lib/gcc/riscv32-unknown-elf/13.2.0/libgcc.a(_umoddi3.o)
 .debug_aranges
                0x00000040       0x20 /opt/rv32im/lib/gcc/riscv32-unknown-elf/13.2.0/libgcc.a(adddf3.o)
 .debug_aranges
                0x00000060       0x20 /opt/rv32im/lib/gcc/riscv32-unknown-elf/13.2.0/libgcc.a(divdf3.o)
 .debug_aranges
                0x00000080       0x20 /opt/rv32im/lib/gcc/riscv32-unknown-elf/13.2.0/libgcc.a(eqdf2.o)
 .debug_aranges
                0x000000a0       0x20 /opt/rv32im/lib/gcc/riscv32-unknown-elf/13.2.0/libgcc.a(gedf2.o)
 .debug_aranges
                0x000000c0       0x20 /opt/rv32im/lib/gcc/riscv32-unknown-elf/13.2.0/libgcc.a(ledf2.o)
 .debug_aranges
                0x000000e0       0x20 /opt/rv32im/lib/gcc/riscv32-unknown-elf/13.2.0/libgcc.a(muldf3.o)
 .debug_aranges
                0x00000100       0x20 /opt/rv32im/lib/gcc/riscv32-unknown-elf/13.2.0/libgcc.a(subdf3.o)
 .debug_aranges
                0x00000120       0x20 /opt/rv32im/lib/gcc/riscv32-unknown-elf/13.2.0/libgcc.a(fixdfsi.o)
 .debug_aranges
                0x00000140       0x20 /opt/rv32im/lib/gcc/riscv32-unknown-elf/13.2.0/libgcc.a(fixunsdfsi.o)
 .debug_aranges
                0x00000160       0x20 /opt/rv32im/lib/gcc/riscv32-unknown-elf/13.2.0/libgcc.a(floatsidf.o)
 .debug_aranges
                0x00000180       0x20 /opt/rv32im/lib/gcc/riscv32-unknown-elf/13.2.0/libgcc.a(floatunsidf.o)
 .debug_aranges
                0x000001a0       0x18 /opt/rv32im/lib/gcc/riscv32-unknown-elf/13.2.0/libgcc.a(_clz.o)
 .debug_aranges
                0x000001b8       0x20 /opt/rv32im/lib/gcc/riscv32-unknown-elf/13.2.0/libgcc.a(_clzsi2.o)

.debug_rnglists
                0x00000000      0x5c2
 .debug_rnglists
                0x00000000       0x99 /opt/rv32im/lib/gcc/riscv32-unknown-elf/13.2.0/libgcc.a(_udivdi3.o)
 .debug_rnglists
                0x00000099       0x66 /opt/rv32im/lib/gcc/riscv32-unknown-elf/13.2.0/libgcc.a(_umoddi3.o)
 .debug_rnglists
                0x000000ff       0xc7 /opt/rv32im/lib/gcc/riscv32-unknown-elf/13.2.0/libgcc.a(adddf3.o)
 .debug_rnglists
                0x000001c6       0xcf /opt/rv32im/lib/gcc/riscv32-unknown-elf/13.2.0/libgcc.a(divdf3.o)
 .debug_rnglists
                0x00000295       0x23 /opt/rv32im/lib/gcc/riscv32-unknown-elf/13.2.0/libgcc.a(eqdf2.o)
 .debug_rnglists
                0x000002b8       0x38 /opt/rv32im/lib/gcc/riscv32-unknown-elf/13.2.0/libgcc.a(gedf2.o)
 .debug_rnglists
                0x000002f0       0x38 /opt/rv32im/lib/gcc/riscv32-unknown-elf/13.2.0/libgcc.a(ledf2.o)
 .debug_rnglists
                0x00000328      0x136 /opt/rv32im/lib/gcc/riscv32-unknown-elf/13.2.0/libgcc.a(muldf3.o)
 .debug_rnglists
                0x0000045e       0xc7 /opt/rv32im/lib/gcc/riscv32-unknown-elf/13.2.0/libgcc.a(subdf3.o)
 .debug_rnglists
                0x00000525       0x13 /opt/rv32im/lib/gcc/riscv32-unknown-elf/13.2.0/libgcc.a(fixdfsi.o)
 .debug_rnglists
                0x00000538       0x16 /opt/rv32im/lib/gcc/riscv32-unknown-elf/13.2.0/libgcc.a(fixunsdfsi.o)
 .debug_rnglists
                0x0000054e       0x2f /opt/rv32im/lib/gcc/riscv32-unknown-elf/13.2.0/libgcc.a(floatsidf.o)
 .debug_rnglists
                0x0000057d       0x2f /opt/rv32im/lib/gcc/riscv32-unknown-elf/13.2.0/libgcc.a(floatunsidf.o)
 .debug_rnglists
                0x000005ac       0x16 /opt/rv32im/lib/gcc/riscv32-unknown-elf/13.2.0/libgcc.a(_clzsi2.o)

.debug_line     0x00000000     0x69a1
 .debug_line    0x00000000      0x905 /opt/rv32im/lib/gcc/riscv32-unknown-elf/13.2.0/libgcc.a(_udivdi3.o)
 .debug_line    0x00000905      0x963 /opt/rv32im/lib/gcc/riscv32-unknown-elf/13.2.0/libgcc.a(_umoddi3.o)
 .debug_line    0x00001268     0x1224 /opt/rv32im/lib/gcc/riscv32-unknown-elf/13.2.0/libgcc.a(adddf3.o)
 .debug_line    0x0000248c     0x106b /opt/rv32im/lib/gcc/riscv32-unknown-elf/13.2.0/libgcc.a(divdf3.o)
 .debug_line    0x000034f7      0x277 /opt/rv32im/lib/gcc/riscv32-unknown-elf/13.2.0/libgcc.a(eqdf2.o)
 .debug_line    0x0000376e      0x372 /opt/rv32im/lib/gcc/riscv32-unknown-elf/13.2.0/libgcc.a(gedf2.o)
 .debug_line    0x00003ae0      0x372 /opt/rv32im/lib/gcc/riscv32-unknown-elf/13.2.0/libgcc.a(ledf2.o)
 .debug_line    0x00003e52      0xfa3 /opt/rv32im/lib/gcc/riscv32-unknown-elf/13.2.0/libgcc.a(muldf3.o)
 .debug_line    0x00004df5     0x1270 /opt/rv32im/lib/gcc/riscv32-unknown-elf/13.2.0/libgcc.a(subdf3.o)
 .debug_line    0x00006065      0x1db /opt/rv32im/lib/gcc/riscv32-unknown-elf/13.2.0/libgcc.a(fixdfsi.o)
 .debug_line    0x00006240      0x1bb /opt/rv32im/lib/gcc/riscv32-unknown-elf/13.2.0/libgcc.a(fixunsdfsi.o)
 .debug_line    0x000063fb      0x24f /opt/rv32im/lib/gcc/riscv32-unknown-elf/13.2.0/libgcc.a(floatsidf.o)
 .debug_line    0x0000664a      0x239 /opt/rv32im/lib/gcc/riscv32-unknown-elf/13.2.0/libgcc.a(floatunsidf.o)
 .debug_line    0x00006883       0x3f /opt/rv32im/lib/gcc/riscv32-unknown-elf/13.2.0/libgcc.a(_clz.o)
 .debug_line    0x000068c2       0xdf /opt/rv32im/lib/gcc/riscv32-unknown-elf/13.2.0/libgcc.a(_clzsi2.o)

.debug_str      0x00000000      0x79c
 .debug_str     0x00000000      0x79c /opt/rv32im/lib/gcc/riscv32-unknown-elf/13.2.0/libgcc.a(_udivdi3.o)
                                0x267 (size before relaxing)
 .debug_str     0x0000079c      0x267 /opt/rv32im/lib/gcc/riscv32-unknown-elf/13.2.0/libgcc.a(_umoddi3.o)
 .debug_str     0x0000079c      0x2a7 /opt/rv32im/lib/gcc/riscv32-unknown-elf/13.2.0/libgcc.a(adddf3.o)
 .debug_str     0x0000079c      0x369 /opt/rv32im/lib/gcc/riscv32-unknown-elf/13.2.0/libgcc.a(divdf3.o)
 .debug_str     0x0000079c      0x1b9 /opt/rv32im/lib/gcc/riscv32-unknown-elf/13.2.0/libgcc.a(eqdf2.o)
 .debug_str     0x0000079c      0x1dd /opt/rv32im/lib/gcc/riscv32-unknown-elf/13.2.0/libgcc.a(gedf2.o)
 .debug_str     0x0000079c      0x1dd /opt/rv32im/lib/gcc/riscv32-unknown-elf/13.2.0/libgcc.a(ledf2.o)
 .debug_str     0x0000079c      0x3c1 /opt/rv32im/lib/gcc/riscv32-unknown-elf/13.2.0/libgcc.a(muldf3.o)
 .debug_str     0x0000079c      0x2a7 /opt/rv32im/lib/gcc/riscv32-unknown-elf/13.2.0/libgcc.a(subdf3.o)
 .debug_str     0x0000079c      0x1b4 /opt/rv32im/lib/gcc/riscv32-unknown-elf/13.2.0/libgcc.a(fixdfsi.o)
 .debug_str     0x0000079c      0x1b0 /opt/rv32im/lib/gcc/riscv32-unknown-elf/13.2.0/libgcc.a(fixunsdfsi.o)
 .debug_str     0x0000079c      0x251 /opt/rv32im/lib/gcc/riscv32-unknown-elf/13.2.0/libgcc.a(floatsidf.o)
 .debug_str     0x0000079c      0x24c /opt/rv32im/lib/gcc/riscv32-unknown-elf/13.2.0/libgcc.a(floatunsidf.o)
 .debug_str     0x0000079c      0x1b4 /opt/rv32im/lib/gcc/riscv32-unknown-elf/13.2.0/libgcc.a(_clz.o)
 .debug_str     0x0000079c      0x1d1 /opt/rv32im/lib/gcc/riscv32-unknown-elf/13.2.0/libgcc.a(_clzsi2.o)

.debug_line_str
                0x00000000      0x2d7
 .debug_line_str
                0x00000000      0x2d7 /opt/rv32im/lib/gcc/riscv32-unknown-elf/13.2.0/libgcc.a(_udivdi3.o)
                                0x178 (size before relaxing)
 .debug_line_str
                0x000002d7      0x178 /opt/rv32im/lib/gcc/riscv32-unknown-elf/13.2.0/libgcc.a(_umoddi3.o)
 .debug_line_str
                0x000002d7      0x184 /opt/rv32im/lib/gcc/riscv32-unknown-elf/13.2.0/libgcc.a(adddf3.o)
 .debug_line_str
                0x000002d7      0x18e /opt/rv32im/lib/gcc/riscv32-unknown-elf/13.2.0/libgcc.a(divdf3.o)
 .debug_line_str
                0x000002d7      0x191 /opt/rv32im/lib/gcc/riscv32-unknown-elf/13.2.0/libgcc.a(eqdf2.o)
 .debug_line_str
                0x000002d7      0x191 /opt/rv32im/lib/gcc/riscv32-unknown-elf/13.2.0/libgcc.a(gedf2.o)
 .debug_line_str
                0x000002d7      0x191 /opt/rv32im/lib/gcc/riscv32-unknown-elf/13.2.0/libgcc.a(ledf2.o)
 .debug_line_str
                0x000002d7      0x18e /opt/rv32im/lib/gcc/riscv32-unknown-elf/13.2.0/libgcc.a(muldf3.o)
 .debug_line_str
                0x000002d7      0x184 /opt/rv32im/lib/gcc/riscv32-unknown-elf/13.2.0/libgcc.a(subdf3.o)
 .debug_line_str
                0x000002d7      0x191 /opt/rv32im/lib/gcc/riscv32-unknown-elf/13.2.0/libgcc.a(fixdfsi.o)
 .debug_line_str
                0x000002d7      0x19a /opt/rv32im/lib/gcc/riscv32-unknown-elf/13.2.0/libgcc.a(fixunsdfsi.o)
 .debug_line_str
                0x000002d7      0x197 /opt/rv32im/lib/gcc/riscv32-unknown-elf/13.2.0/libgcc.a(floatsidf.o)
 .debug_line_str
                0x000002d7      0x19d /opt/rv32im/lib/gcc/riscv32-unknown-elf/13.2.0/libgcc.a(floatunsidf.o)
 .debug_line_str
                0x000002d7      0x178 /opt/rv32im/lib/gcc/riscv32-unknown-elf/13.2.0/libgcc.a(_clz.o)
 .debug_line_str
                0x000002d7      0x178 /opt/rv32im/lib/gcc/riscv32-unknown-elf/13.2.0/libgcc.a(_clzsi2.o)

.debug_frame    0x00000000      0x25c
 .debug_frame   0x00000000       0x44 /opt/rv32im/lib/gcc/riscv32-unknown-elf/13.2.0/libgcc.a(adddf3.o)
 .debug_frame   0x00000044       0x54 /opt/rv32im/lib/gcc/riscv32-unknown-elf/13.2.0/libgcc.a(divdf3.o)
 .debug_frame   0x00000098       0x20 /opt/rv32im/lib/gcc/riscv32-unknown-elf/13.2.0/libgcc.a(eqdf2.o)
 .debug_frame   0x000000b8       0x20 /opt/rv32im/lib/gcc/riscv32-unknown-elf/13.2.0/libgcc.a(gedf2.o)
 .debug_frame   0x000000d8       0x20 /opt/rv32im/lib/gcc/riscv32-unknown-elf/13.2.0/libgcc.a(ledf2.o)
 .debug_frame   0x000000f8       0x54 /opt/rv32im/lib/gcc/riscv32-unknown-elf/13.2.0/libgcc.a(muldf3.o)
 .debug_frame   0x0000014c       0x44 /opt/rv32im/lib/gcc/riscv32-unknown-elf/13.2.0/libgcc.a(subdf3.o)
 .debug_frame   0x00000190       0x20 /opt/rv32im/lib/gcc/riscv32-unknown-elf/13.2.0/libgcc.a(fixdfsi.o)
 .debug_frame   0x000001b0       0x20 /opt/rv32im/lib/gcc/riscv32-unknown-elf/13.2.0/libgcc.a(fixunsdfsi.o)
 .debug_frame   0x000001d0       0x38 /opt/rv32im/lib/gcc/riscv32-unknown-elf/13.2.0/libgcc.a(floatsidf.o)
 .debug_frame   0x00000208       0x34 /opt/rv32im/lib/gcc/riscv32-unknown-elf/13.2.0/libgcc.a(floatunsidf.o)
 .debug_frame   0x0000023c       0x20 /opt/rv32im/lib/gcc/riscv32-unknown-elf/13.2.0/libgcc.a(_clzsi2.o)
